main	sub	테이블명	사용구분
lse	HPRM	lse_hprm_prv_prg	0
lse	HPRM	lse_hprm_nrdsc	0
lse	HPRM	lse_hprm_rptg_otcm_py	0
lse	HPRM	lse_cpent_dv_are	0
lse	HPRM	lse_lsettm_cpent	0
lse	HPRM	lse_cpent_stf_ps_ctq	0
lse	HPRM	lse_cpent_stf_chr_bsns	0
lse	HPRM	lse_hprm_plst_rs	0
lse	HPRM	lse_hprm_next_mdcf	0
lse	HPRM	lse_hprm_prv	0
lse	HPRM	lse_hprm_cslmn	0
lse	HPRM	lse_hprm_cmpx_rdt_dprt	0
lse	HPRM	lse_cpent_dv_lmit	0
lse	HPRM	lse_hprm_mvpr_dmamt	0
lse	HPRM	lse_cpent_dmas_bsns	0
lse	HPRM	lse_hprm_drct_mtd	0
lse	HPRM	lse_hprm_mch_hshgd_hgd_ivamt	0
lse	HPRM	lse_hprm_ply_dt	0
lse	HPRM	lse_hprm_rptg_clm_row	0
lse	HPRM	lse_cpent_vl_st	0
lse	HPRM	lse_hprm_chrps_ta	0
lse	HPRM	lse_hprm_dbins	0
lse	HPRM	lse_hprm_tth_supm	0
lse	HPRM	lse_hprm_end_ap_xcpt_bj	0
lse	HPRM	lse_hprm_mvpr_hprdt	0
lse	HPRM	lse_hprm_sb	0
lse	HPRM	lse_hprm_clmnv_rptg	0
lse	HPRM	lse_hprm_pend_adm	0
lse	HPRM	lse_hprm_are	0
lse	HPRM	lse_cnr_cl_dvmrt	0
lse	HPRM	lse_cpent_dv_ba	0
lse	HPRM	lse_auto_nv_tp_it	0
lse	HPRM	lse_hprm_dmas_dlvr	0
lse	HPRM	lse_cprt_entp_chrps	0
lse	HPRM	lse_hprm_dl_prg_adm	0
lse	HPRM	lse_cpent_cnr_cl_dv	0
lse	HPRM	lse_hprm_cmplm	0
lse	HPRM	lse_cpent_clmnv_dv	0
lse	HPRM	lse_hprm_rptg_adx_dcu	0
lse	HPRM	lse_clmnv_cpent	0
lse	HPRM	lse_hprm_nsamt	0
lse	HPRM	lse_hprm_crps_equ	0
lse	HPRM	lse_hprm_ivamt	0
lse	HPRM	lse_hprm_hlion_dt	0
lse	HPRM	lse_hprm_clm_nv	0
lse	HPRM	lse_hprm_chek_list	0
lse	HPRM	lse_auto_nv_tp	0
lse	HPRM	lse_cpent_onbr	0
lse	HPRM	lse_hprm_next_rmdy_plst	0
lse	HPRM	lse_hprm_dmamt	0
lse	HPRM	lse_cpent_stf	0
lse	HPRM	lse_hprm_next_rmdy_surgy	0
lse	HPRM	lse_hprm_mvpr_fprdt	0
lse	HPRM	lse_hprm_mdcf	0
lse	HPRM	lse_hprm_dgn	0
lse	HPRM	lse_cpent_dv_st_ch_log	0
lse	HPRM	lse_cpent_dv_flg	0
lse	HPRM	lse_hprm_psbsn_dm	0
lse	HPRM	lse_hprm_plst_par	0
lse	HPRM	lse_hprm_mvpr_ivamt	0
lse	HPRM	lse_hprm_ctn_xch	0
lse	HPRM	lse_hprm_clmnv_obs_it	0
lse	HPRM	lse_cpent_clmnv_tp	0
lse	HPRM	lse_cpent_stf_prv	0
lse	HPRM	lse_hprm_lb_dt	0
lse	HPRM	lse_hprm_prprt_dt	0
lse	HPRM	lse_hprm_clmnv_requ	0
cus	고객	cus_prnot_rcv_yn_adm	0
cus	고객	cus_pstno_rodnm_ba_adr	1
cus	고객	cus_ins_ntcda	0
cus	고객	cus_fndli_req_adm	0
cus	고객	cus_chn_id	0
cus	고객	cus_adr_bdl_ch_trrv	0
cus	고객	cus_bsns_ch_ap	0
cus	고객	cus_batch_adr_bdl_ch_fnorg	0
cus	고객	cus_ctm_ad_it	0
cus	고객	cus_ad_self_chek_list_it	0
cus	고객	cus_hngl_eng_mpp	0
cus	고객	cus_ctm_cntrt_fail	0
cus	고객	cus_ovse_stay_info	0
cus	고객	cus_pstpo_rcpl	1
cus	고객	cus_ctm_cr	0
cus	고객	cus_cvap_ctm_info_adm	0
cus	고객	cus_bn_info	0
cus	고객	cus_fndli_memo	0
cus	고객	cus_cvap_info_adm	0
cus	고객	cus_ctm_info_ch_log	0
cus	고객	cus_bzfml_ctm_vsion_100	0
cus	고객	cus_gr_agmt_ctm	0
cus	고객	cus_ctm_rel	0
cus	고객	cus_ctm_atrvl_meta	0
cus	고객	cus_chn_cns_crr	0
cus	고객	cus_ctm_pbrlt_msg_snd	0
cus	고객	cus_edd_vl_grd_spc	0
cus	고객	cus_edd_prv_crr	0
cus	고객	cus_rk_grd_rvl_tot	0
cus	고객	cus_fml	0
cus	고객	cus_pstno_rodnm_srh_adr	1
cus	고객	cus_dherc_inr_ctm_crr	0
cus	고객	cus_pstno_ba_adr	0
cus	고객	cus_idca_truth_cnf_spc	0
cus	고객	cus_gdint_agre_nd_pr_ntc_chr	0
cus	고객	cus_ctm_dsc_info_ch_rq	0
cus	고객	cus_ctm_grd_crr	0
cus	고객	cus_edd_ch_crr	0
cus	고객	cus_bz_fml_ctm_cntad_db	0
cus	고객	cus_ctm_dscno_ch_crr	0
cus	고객	cus_rlnm_auth_chek	0
cus	고객	cus_ctm_info_mntr_srv	0
cus	고객	cus_ctm_cntad_rgt_lmit	0
cus	고객	cus_self_chek_list_it	0
cus	고객	cus_ins_ntcda_ref	0
cus	고객	cus_fndli_of_dt_spc_ers	0
cus	고객	cus_mntr_bk_info	0
cus	고객	cus_gdint_agre_ntc_mail_snd	0
cus	고객	cus_auth_crr	0
cus	고객	cus_ch_it	0
cus	고객	cus_en_chrct_wlst	0
cus	고객	cus_bz_fml_ctm_mmdy	0
cus	고객	cus_ctm_info_us_log	0
cus	고객	cus_bz_fmlcu_memo	0
cus	고객	cus_hp_self_cnf	0
cus	고객	cus_bz_fml_ctm	0
cus	고객	cus_fatca_ctm_cnf_mtt	0
cus	고객	cus_ctm_info_inq_lmit_crr	0
cus	고객	cus_en_ctm_ud	0
cus	고객	cus_cntrt_crr	0
cus	고객	cus_fatca_is_pl	0
cus	고객	cus_bsncl_cprt_entp	0
cus	고객	cus_prnot_is	0
cus	고객	cus_ctm_info_agre_adm	0
cus	고객	cus_sms_snd_spc	0
cus	고객	cus_ctm_info_mntr_tot	0
cus	고객	cus_bz_fml_ctm_cr	0
cus	고객	cus_ctm_cntad_er_dj	0
cus	고객	cus_wlst_mch_temp	0
cus	고객	cus_fatca_ctm	0
cus	고객	cus_fndli_of_it	0
cus	고객	cus_ctm_cntrt_scc_load	0
cus	고객	cus_cr_ta	0
cus	고객	cus_de_info	0
cus	고객	cus_icdc_adm	0
cus	고객	cus_crp_ctm_crr	0
cus	고객	cus_ntp_fd_info	0
cus	고객	cus_rgs_dl_rst	0
cus	고객	cus_ctm_agre_crr	0
cus	고객	cus_emeg_mvo_srv_xc	0
cus	고객	cus_ctm_crd	0
cus	고객	cus_rk_grd_rvl	0
cus	고객	cus_ctm_aml_mbtr_spc	0
cus	고객	cus_fatca_ctm_rl_ruler	0
cus	고객	cus_crdif_outs_of	0
cus	고객	cus_inflw_ctm	0
cus	고객	cus_fndli_req_bj_bsns	0
cus	고객	cus_lms_auth	0
cus	고객	cus_ctm_ch_it	0
cus	고객	cus_gdint_agre_url_snd_crr	0
cus	고객	cus_hlt_mdc_rst_dt	0
cus	고객	cus_ctm_rgt_xcpt_dlbj	0
cus	고객	cus_adr_bdl_ch_fnorg	0
cus	고객	cus_rlnm_cnf	0
cus	고객	cus_ctm_dat_inflw_rst	0
cus	고객	cus_ctm_act	1
cus	고객	cus_pstno_ba_adr_nw	0
cus	고객	cus_kyc_exec_crr	0
cus	고객	cus_ctm_mmdy	0
cus	고객	cus_fml_cop	0
cus	고객	cus_adr_bdl_ch_bj_fnorg	0
cus	고객	cus_ntp_rsm_info	0
cus	고객	cus_ctm_pss_cr	0
cus	고객	cus_clcnt_cns_spc	0
cus	고객	cus_bz_fml_ctmpp_rcpl	0
cus	고객	cus_jb	1
cus	고객	cus_ojb_mpp	0
cus	고객	cus_fatca_tx_ntn	0
cus	고객	cus_ctm_atr_meta	0
cus	고객	member	0
cus	고객	cus_mobl_msg_rcv_agre	0
cus	고객	cus_stf_wlst_fltr	0
cus	고객	cus_wst_bj	0
cus	고객	cus_ptntl_ctm	0
cus	고객	cus_icdc_rq_crr	0
cus	고객	cus_ins_ntcda_prg_spc	0
cus	고객	cus_psn_crdif_utagr_crr	0
cus	고객	cus_ctm_dsc_info_ch_it	0
cus	고객	cus_ctm_cntad	1
cus	고객	cus_ctm_wpc_crr	0
cus	고객	cus_ctm_cntrt_crr	1
cus	고객	cus_cns_spc	0
cus	고객	cus_ctm_fina_info_crr	0
cus	고객	cus_ctm_hnd_crr	0
cus	고객	cus_bz_oj_info	0
cus	고객	cus_rsno_clct	0
cus	고객	cus_edd_adm	0
cus	고객	cus_bzfml_ctm_gp_ctm	0
cus	고객	cus_ctm_info_drut_cnf	0
cus	고객	cus_hamt_ase_ctm_crst	0
cus	고객	cus_ctm_bdt_crr	0
cus	고객	cus_edd_vl_grd_dtspc	0
cus	고객	cus_bz_fml_hhdmb_cop	0
cus	고객	cus_bz_fml_ctm_adr	0
cus	고객	cus_ctm_info_rv_bj_sts	0
cus	고객	cus_ctm_ntn	0
cus	고객	cus_fn_clm_atps_auth	0
cus	고객	cus_edd_prvmn_absc_dl	0
cus	고객	cus_ctm_adr_crr	1
cus	고객	cus_nctm_agre_crr	0
cus	고객	cus_ntp_info	0
cus	고객	cus_crp_bzps_rl_ownr	0
cus	고객	cus_fndli_req_bjps_adm	0
cus	고객	cus_ctm_hobby_nr_mtt	0
cus	고객	cus_cr_nctlt_mail_rcv_agre	0
cus	고객	cus_psn_crdif_clct_agre	0
cus	고객	cus_cr_ta_stf	0
cus	고객	cus_ctm	1
cus	고객	cus_bz_fml_ctm_wst_pr	0
cus	고객	cus_ctm_info_rv_bj	0
cus	고객	cus_gr_mmb_bzfml_ctm	0
cus	고객	cus_ctm_cmn_cd	0
cus	고객	cus_cvap_ctm_info_adm_prv	0
cus	고객	cus_fndor_rsme	0
cus	고객	cus_acs_snd_log	0
cus	고객	cus_ad_self_chek_list_rst_it	0
cus	고객	cus_befo_inq_wrcs	0
cus	고객	cus_fn_clm_atps	0
cus	고객	cus_ctmnm_ch_crr	0
cus	고객	cus_fndli_adx_dcu_adm	0
cus	고객	cus_pstno_ba_dy_pbc	0
cus	고객	cus_wlst_mch	0
cus	고객	cus_self_chek_list_rst_it	0
cus	고객	cus_chn_ctm_wst_bj	0
cus	고객	cus_hlt_mdc_rst	0
cus	고객	cus_rkvl_st_adm	0
cus	고객	cus_crdcr_auth_adm	0
cus	고객	cus_pstno_radnm_ba_dy_pbc	0
cus	고객	cus_fndli_of_dt_spc	0
cus	고객	cus_reno_db	0
cus	고객	cus_adr_bdl_ch_dt	0
cus	고객	cus_ins_ntcda_dt	0
cus	고객	cus_ins_ntcda_adx_file	0
cus	고객	cus_bzfml_ctm_inagr_adm	0
cus	고객	cus_ctm_jb_crr	0
cus	고객	cus_ctm_mb_rel	0
cus	고객	cus_nlisr_asso_doncl	0
cus	고객	cus_cprt_entp	0
cus	고객	cus_cnn_ply	0
cus	고객	cus_en_chrct_wlst_temp	0
cus	고객	cus_aml_rpt_xcpt_org	0
cus	고객	cus_ctm_inagr_adm_crr	0
cus	고객	cus_bdl_ctm_ta	0
cus	고객	cus_bz_fml_ctm_fina_info	0
cus	고객	cus_bz_fml_ctm_hobby_nrm	0
cus	고객	cus_bzfml_ctm_gp	0
cus	고객	cus_bzps_cntrt_bjps	0
cus	고객	cus_bz_fml_rsv_crd	0
cus	고객	cus_ctm_sign_crr	0
cus	고객	cus_ctm_cntad_er_dj_load	0
cus	고객	cus_wr_tlno_adm	0
cus	고객	cus_bz_fml_ctm_cntad	0
cus	고객	cus_pstno_nw_adr_mpp	0
cus	고객	cus_rsno_sb_clct	0
cus	고객	cus_bz_fml_ctm_hhd	0
fin	대외계전문	fin_imty_wdrc_tlm	0
fin	대외계전문	fin_upls_otbk_imp_nt_tlm	0
fin	대외계전문	fin_crd_trs_tlm	0
fin	대외계전문	fin_upls_bsnpn_tlm	0
fin	대외계전문	fin_fc_dl_list_nt_tlm	0
fin	대외계전문	fin_upls_cmnpt_tlm	0
fin	대외계전문	fin_kb_crd_thcp_rcv_tlm	0
fin	대외계전문	fin_sms_ts_rq_tlm	0
fin	대외계전문	fin_crdvl_cmp_ci_inq_tlm	0
fin	대외계전문	fin_ars_tlm	0
fin	대외계전문	fin_crd_rcv_tlm	0
fin	대외계전문	fin_tf_dl_rst_inq_nw_tlm	0
fin	대외계전문	fin_bk_batch_tlm	0
fin	대외계전문	fin_upls_tblam_inq_tlm	0
fin	대외계전문	fin_fc_dl_list_mno_rq_tlm	0
fin	대외계전문	fin_amg_act_tot_tlm	0
fin	대외계전문	fin_upls_bsns_nd_tlm	0
fin	대외계전문	fin_amg_act_rcpnt_inq_tlm	0
fin	대외계전문	fin_fc_tf_tlm	0
fin	대외계전문	fin_kb_crd_thcp_trs_tlm	0
fin	대외계전문	fin_act_nm_inq	0
fin	대외계전문	fin_fc_dpsr_inq_tlm	0
fin	대외계전문	fin_tf_tot_tlm	0
fin	대외계전문	fin_dp_dl_list_nt_tlm	0
fin	대외계전문	fin_mb_auth_rst_spc_tlm	0
fin	대외계전문	fin_auto_tfact_rgt_tlm	0
fin	대외계전문	fin_inr_mbrs_dy_tot_tlm	0
fin	대외계전문	fin_tf_dl_rst_inq_tlm	0
fin	대외계전문	fin_inr_mbrs_dl_grttg_tlm	0
fin	대외계전문	fin_otbk_tf_tlm	0
fin	대외계전문	fin_dp_dl_list_mno_rq_tlm	0
fin	대외계전문	fin_crpca_us_spc_tlm	0
fin	대외계전문	fin_rvbk_tf_tlm	0
fin	대외계전문	fin_mbrs_ctmno_inq_tlm	0
str	경영기획	str_nprp_bzcs_o2_dv	0
str	경영기획	str_acc_itmcl_dv	0
str	경영기획	str_17_cscl_cvr_bsns_avtot	0
str	경영기획	str_bz_pl	0
str	경영기획	str_cmpln_chrps	0
str	경영기획	str_nprp_bzcs_o1_dv	0
str	경영기획	str_sfrgl_chk_orgn	0
str	경영기획	str_risk_vl_it	0
str	경영기획	str_dv_st_crt_bj	0
str	경영기획	str_bzpl_av_tot	0
str	경영기획	str_sfrgl_chk_it_slcvl	0
str	경영기획	str_fxqtt_vlit	0
str	경영기획	str_rpbl_rfamt	0
str	경영기획	str_clm_crst	0
str	경영기획	str_cmpln_chrps_es	0
str	경영기획	str_paff_slr_ba	0
str	경영기획	str_bdg_ch_spc	0
str	경영기획	str_inctl_vl_mpv_pl	0
str	경영기획	str_gd_srvc_dl_rs	0
str	경영기획	str_bzcs_o1_dv	0
str	경영기획	str_bzcs_dv_st	0
str	경영기획	str_dm_nvcs_dv_st	0
str	경영기획	str_sfrgl_chk_it	0
str	경영기획	str_org_xc_acc	0
str	경영기획	str_bzcs_ins_imcd	0
str	경영기획	str_dm_nvcs_lwrk_av	0
str	경영기획	str_cvr_bsns_av	0
str	경영기획	str_bzcs_dv_bdl_bj	0
str	경영기획	str_ltrm_bsns_av	0
str	경영기획	str_obzcs_dv_ldg	0
str	경영기획	str_nprpn_aw_py_spc	0
str	경영기획	str_nprp_aw_cc_avtot	0
str	경영기획	str_sfrgl	0
str	경영기획	str_sfrgl_chk_pout_mtt	0
str	경영기획	str_bzcs_dv_crst	0
str	경영기획	str_fxqtt_vl_es	0
str	경영기획	str_vl_grd_es	0
str	경영기획	str_sfrgl_chk_rst	0
str	경영기획	str_bzcs_prm_itm_csf	0
str	경영기획	str_bdg_ch	0
str	경영기획	str_gd_srvc_dl_cr	0
str	경영기획	str_hwml_bdg_ch_spc	0
str	경영기획	str_17_bzcs_acc_grp_dv_st	0
str	경영기획	str_risk_vl_rst	0
str	경영기획	str_bdg_bdl_xc_acc	0
str	경영기획	str_sfrgl_chk_exec	0
str	경영기획	str_bzcs_org_tp	0
str	경영기획	str_aw_cc_achv_stf	0
str	경영기획	str_cscl_aw_py_bj_stf	0
str	경영기획	str_cscl_rcv_rtn_cr_spc	0
str	경영기획	str_dm_nvcs_bsns_av	0
str	경영기획	str_ins_cr	0
str	경영기획	str_inr_summ_cls_form	0
str	경영기획	str_pr_bzcs_cls	0
str	경영기획	str_ntacc_st_bzcs_bj	0
str	경영기획	str_nw_mgm_sts_form	0
str	경영기획	str_bdg_bsns_auth	0
str	경영기획	str_bzcdv_batch_exec_info	0
str	경영기획	str_aw_py_spc	0
str	경영기획	str_inctl_vl_ap	0
str	경영기획	str_bzcs_slp_spc	0
str	경영기획	str_dm_nvcs_o2_cvrdv	0
str	경영기획	str_onsf_chk_rst	0
str	경영기획	str_nw_mgm_sts	0
str	경영기획	str_gd_srvc_dnamt	0
str	경영기획	str_bzcs_paff_slr	0
str	경영기획	str_intnl_ctl_vl	0
str	경영기획	str_mgm_sts_cno_log	0
str	경영기획	str_org_csf	0
str	경영기획	str_bzcs_cscl_dv	0
str	경영기획	str_bz_pl_knd	0
str	경영기획	str_fxqtt_index_sts	0
str	경영기획	str_org_bdg_acc	0
str	경영기획	str_dm_nvcs_o2_dv	0
str	경영기획	str_risk_vl_grd	0
str	경영기획	str_bz_pl_it	0
str	경영기획	str_inctl	0
str	경영기획	str_slp	0
str	경영기획	str_mgm_av_adm	0
str	경영기획	str_lwrk_pa_av	0
str	경영기획	str_bz_pl_acc	0
str	경영기획	str_nprp_aw_cc_av	0
str	경영기획	str_ltrm_cscl_dv	0
str	경영기획	str_slp_spc	0
str	경영기획	str_bzcs_dv_tacc_ldg	0
str	경영기획	str_aw_cr	0
str	경영기획	str_sfrgl_lwad_edu_xec	0
str	경영기획	str_py_ibamt_cls	0
str	경영기획	str_cmpln_chrps_vl_spc	0
str	경영기획	str_dm_nvcs_cvr_av	0
str	경영기획	str_mng_vl_es	0
str	경영기획	str_bzpl_acc_tot_calc	0
str	경영기획	str_rtprg_adm_cls	0
str	경영기획	str_bdg_frmtn	0
str	경영기획	str_rn_av_cls	0
str	경영기획	str_sfrgl_chk_it_slcvl_gp	0
str	경영기획	str_nprp_bzcs_dv_st	0
str	경영기획	str_mgm_sts	0
str	경영기획	str_risk_vl_as	0
str	경영기획	str_bz_pl_ldg	0
str	경영기획	str_ps_cr_cls	0
str	경영기획	str_hamt_cr_crst	0
str	경영기획	str_17_bzcs_slp_avtot	0
str	경영기획	str_bzcs_o2_cvr_dv	0
str	경영기획	str_py_rfamt_cls	0
str	경영기획	str_prpn_aw_cls	0
str	경영기획	str_nprp_cscl_dv	0
str	경영기획	str_nprp_dv_bdl_bj	0
str	경영기획	str_bzcs_ifrs_tacc_ldg	0
str	경영기획	str_bzcs_sbr_rr_ikd	0
str	경영기획	str_bzcs_o2_dv	0
str	경영기획	str_cmpln_chrps_chk	0
str	경영기획	str_bdg_xc_lm	0
str	경영기획	str_nprp_aw_it_adm	0
str	경영기획	str_fxqtt_index_defn	0
str	경영기획	str_inctl_vlrst	0
str	경영기획	str_dporg_st_bzcs_bj	0
str	경영기획	str_bzcs_dv_aw_spc	0
str	경영기획	str_bzcs_orgcd	0
str	경영기획	str_cscl_rcv_rtn_py_spc	0
str	경영기획	str_bz_pl_ittot_calc	0
str	경영기획	str_bdg_ldg	0
str	경영기획	str_17_bzcs_slp_spc	0
str	경영기획	str_onsf_chk	0
str	경영기획	str_hamt_clm_crst	0
str	경영기획	str_risk_vl	0
str	경영기획	str_nprp_aw_cls	0
str	경영기획	str_bdg_frmtn_wrt_cls	0
str	경영기획	str_17_bzcs_org_grpcd	0
str	경영기획	str_bsns_av	0
str	경영기획	str_rtprg_adm	0
str	경영기획	str_17_bzcs_orgcd	0
str	경영기획	str_bz_pl_wrt_cls	0
str	경영기획	str_bzpl_it_wrt_as	0
str	경영기획	str_nw_mgm_sts_meta	0
str	경영기획	str_bz_pl_form	0
str	경영기획	str_bzcs_o2_cvr_dvbk	0
str	경영기획	str_dm_nvcs_o1_dv	0
str	경영기획	str_17_cscl_bsns_avtot	0
ins	설계	ins_pl_oj_cirm_bn	0
ins	설계	ins_gd_ce_pl	0
ins	설계	ins_pl_oj_cc_ba	0
ins	설계	ins_pl_nds_seq_prm_xc	0
ins	설계	ins_gd_ce_prm_es	0
ins	설계	ins_pl_ltrm_cvr	0
ins	설계	ins_pl_nrdps_tisrd_atr	1
ins	설계	ins_crbe_chek_it	0
ins	설계	ins_pl_nrdps_prsn_spc	0
ins	설계	ins_pl_nds_dt_temp	0
ins	설계	ins_pl_dh_stf	1
ins	설계	ins_bfpl_nc_mtt_atr	0
ins	설계	ins_crins_cc_lmit_ch_rq	0
ins	설계	ins_pl_condt_prmpy_pr	0
ins	설계	ins_pl_cr_dctp_milg	0
ins	설계	ins_pl_cr_ad	0
ins	설계	ins_pl_oj_relpc	0
ins	설계	ins_pl_cvr_mnamt	0
ins	설계	ins_pl_pr_es_dt	0
ins	설계	ins_pl_oj_ad_cnd	0
ins	설계	ins_pl_rk_tp	0
ins	설계	ins_gr_nrdps_upld_da	0
ins	설계	ins_nds_elec_sign_mstr	0
ins	설계	ins_pl_rt	0
ins	설계	ins_pl_cvr_cv_rq	0
ins	설계	ins_pl_cvr	1
ins	설계	ins_ins_pl	1
ins	설계	ins_pl_condt_mnamt	0
ins	설계	ins_pl_relpc	1
ins	설계	ins_pl_nc_mtt	1
ins	설계	ins_pl_ad_atrvl	0
ins	설계	ins_pl_xp_rnw_prm	0
ins	설계	ins_pl_relpc_aplty_adm	0
ins	설계	ins_pl_nds_mstr	0
ins	설계	ins_pl_cvr_rt	0
ins	설계	ins_pl_auto_tf_rq	1
ins	설계	ins_pl_cr_acsr_mcamt	0
ins	설계	ins_bfpl_nc_mtt_ad	0
ins	설계	ins_pl_cvr_ad	0
ins	설계	ins_pl_relpc_adr	1
ins	설계	ins_pl_cvr_nrdps_avage	0
ins	설계	ins_pl_srp_spc	0
ins	설계	ins_pl_st_crr	0
ins	설계	ins_pl_nds_dt	0
ins	설계	ins_pl_udrtk_bltgu_cn	0
ins	설계	ins_pl_condt	0
ins	설계	ins_gd_ce_pl_cvr	0
ins	설계	ins_pl_prm_pym_pr	0
ins	설계	ins_pl_relpc_rel	1
ins	설계	ins_pl_aqr_rt_mnamt	0
ins	설계	ins_pl_re_rk_rnamt	0
ins	설계	ins_pl_pr_es	0
ins	설계	ins_pl_oj_accpt_plc	0
ins	설계	ins_pl_py_act	0
ins	설계	ins_pl_aqr_rt	0
ins	설계	ins_pl_prm_dc	0
ins	설계	ins_pl_mnamt	0
ins	설계	ins_pl_oj_mnamt	0
ins	설계	ins_pl_rk_tp_md_cfc	0
ins	설계	ins_rec_cors	0
ins	설계	ins_pl_inso_atnd_cr	0
ins	설계	ins_pl_cvr_isamt_cl_prm	0
ins	설계	ins_if_dmgrt_dt_spc	0
ins	설계	ins_pl_cvr_ad_atrvl	0
ins	설계	ins_pl_oj_cclbs_elm	0
ins	설계	ins_pl_udrtk_bltgu_prv	0
ins	설계	ins_pl_oj_self_chamt	0
ins	설계	ins_pl_oj	0
ins	설계	ins_pl_bld_str	0
ins	설계	ins_pl_cr_info	0
ins	설계	ins_fire_inorg_stf	0
ins	설계	ins_nd_pytrm_cc	0
ins	설계	ins_pl_xp_rtamt	0
ins	설계	ins_nd_pytrm_cc_rst	0
ins	설계	ins_elec_sign	0
ins	설계	ins_pl_cn_rtamt_expl	0
ins	설계	ins_pl_hlt_age_ccrst_dt	0
ins	설계	ins_nd_pytrm_cc_cnd	0
ins	설계	ins_pl_ovse_stay_rlpmi_pym_stop_rq	0
ins	설계	ins_pl_sl_cvr	0
ins	설계	ins_pl_nc_mtt_scwnd	0
ins	설계	ins_pl_hlt_age_ccrst	0
ins	설계	ins_pl_oj_nrdps_list	0
ins	설계	ins_inscp_cl_cmpr_ntc	0
ins	설계	ins_nds_elec_sign_relpc	0
ins	설계	ins_pl_isamt_dt_spc	0
ins	설계	ins_pl_nds_fmldc	0
ins	설계	ins_pl_nds_prm	0
ins	설계	ins_crins_cr_rcn	0
ins	설계	ins_pl_udw_dscrt	0
ins	설계	ins_pl_oj_list_itm	0
ins	설계	ins_pl_oj_ad_atrvl	0
ins	설계	ins_pl_rkcl_cvr_mnamt	0
ins	설계	ins_pl_bld	0
ins	설계	ins_pl_oj_tp_peamt	0
ins	설계	ins_elec_dcu_rgt_adm	0
ins	설계	ins_pl_py_act_rq	0
ins	설계	ins_pl_nds_tp	0
ins	설계	ins_pl_oj_bdlcm_lm	0
ins	설계	ins_pl_cvr_cmplm_spc	0
ins	설계	ins_pl_cvr_inspy_pr	0
ins	설계	ins_pl_cvr_mn_asamt	0
ins	설계	ins_psinf_ers_bj	0
ins	설계	ins_cmp_lmamt_pl	0
ins	설계	ins_pl_ad_info	0
ins	설계	ins_pl_relpc_ad_atrvl	0
ins	설계	ins_bfpl_nc_mtt	0
ins	설계	ins_pl_nds_xc	0
ins	설계	ins_pl_relpc_prnot_adm	0
ins	설계	ins_crins_cc_lmit_st	0
ins	위험조사	ins_rk_nv_bzwpl	0
ins	위험조사	ins_safe_dgn_rptg_it	0
ins	위험조사	ins_rk_nv	0
ins	위험조사	ins_fire_safe_dgn_rptg	0
ins	위험조사	ins_rk_nv_trvxp	0
ins	위험조사	ins_safe_dgn_rptg	0
ins	위험조사	ins_vlamt_vl	0
ins	위험조사	ins_safe_dgn_rptg_obst	0
ins	위험조사	ins_vlamt_vl_dt	0
ins	위험조사	ins_rk_nv_trv_plct	0
ins	위험조사	ins_safe_dgn_rptg_obst_nadi	0
ins	위험조사	ins_safe_dgn_rptg_obst_clim	0
ins	위험조사	ins_vlamt_vl_gdprc_ndx	0
ins	위험조사	ins_rk_nv_trv_rptg	0
ins	위험조사	ins_vlamt_vlcd	0
ccm	구상	ccm_cidps_thcp_dl	0
ccm	구상	ccm_crt_dcu_rcp	0
ccm	구상	ccm_lwprp_bj	0
ccm	구상	ccm_idm_victm_crr	0
ccm	구상	ccm_idm	0
ccm	구상	ccm_trbl_iq_rpl	0
ccm	구상	ccm_rccil_abd_idm_cvr	0
ccm	구상	ccm_idm_victm_ex_spc	0
ccm	구상	ccm_trbl_iq_victm_gd	0
ccm	구상	ccm_idm_victm	0
ccm	구상	ccm_idm_xtn_prsc_adm	0
ccm	구상	ccm_trbl_iq_dm	0
ccm	구상	ccm_jg_piamt_cal	0
ccm	구상	ccm_cidps_cntad	0
ccm	구상	ccm_cidps_prop	0
ccm	구상	ccm_cidps_uramt	0
ccm	구상	ccm_idm_cvr_st_crr	0
ccm	구상	ccm_cidps_prop_nv	0
ccm	구상	ccm_tab_ta	0
ccm	구상	ccm_trbl_iq_prp_rq	0
ccm	구상	ccm_idm_cvr	0
ccm	구상	ccm_trbl_iq_dmnst_is	0
ccm	구상	ccm_trbl_iq_dcu_ddy	0
ccm	구상	ccm_idm_doc_is	0
ccm	구상	ccm_cidps_otcm_rcp_crst	0
ccm	구상	ccm_rccil_abd_adm	0
ccm	구상	ccm_cidps_ex	0
ccm	구상	ccm_idm_prg_cvr_spc	0
ccm	구상	ccm_trbl_iq_ag_drut	0
ccm	구상	ccm_trbl_iq_dmnst_dcu	0
ccm	구상	ccm_cidps_adr	0
ccm	구상	ccm_idm_prg	0
ccm	구상	ccm_lwprp_cidps	0
ccm	구상	ccm_cidps_clrq_dcu	0
ccm	구상	ccm_cidps_uramt_crr	0
ccm	구상	ccm_trbl_iq_md_ds	0
ccm	구상	ccm_trbl_iq_rpl_prst_rq	0
ccm	구상	ccm_idm_omit_adm	0
ccm	구상	ccm_trbl_iq_ag_ds	0
ccm	구상	ccm_cidps	0
ccm	구상	ccm_trbl_iq_re_iq	0
ccm	구상	ccm_trbl_iq_impr_nt	0
ccm	판례	ccm_prcdt_csf	0
ccm	판례	ccm_prcdt_csfcd	0
ccm	판례	ccm_prcdt_kywd	0
ccm	판례	ccm_prcdt	0
lse	보상	lse_dm_rde_cnbd	0
lse	보상	lse_mdud_requ_rq	0
lse	보상	lse_clmnv_mvpr_dmamt	0
lse	보상	lse_lsetm_bsns_tm_dt_cs	0
lse	보상	lse_clm_nds_py_act	0
lse	보상	lse_nrdsc	0
lse	보상	lse_wr_cr_clm_adm	0
lse	보상	lse_clmps_st_trmt	0
lse	보상	lse_clmnv_mvpr_fprdt	0
lse	보상	lse_nsamt	0
lse	보상	lse_spvsn_bj	0
lse	보상	lse_ordr_chrps_ctn	0
lse	보상	lse_nv_info	0
lse	보상	lse_cr_adm_rq	0
lse	보상	lse_mdcf	0
lse	보상	lse_clm_chrps_ascrr_adm	0
lse	보상	lse_xi_py	1
lse	보상	lse_lsetm_bsns_tm_are	0
lse	보상	lse_cslmn	0
lse	보상	lse_lsetm_ud_mpp	0
lse	보상	lse_clmnv_mvpr_ivamt	0
lse	보상	lse_stf_inv_spc	0
lse	보상	lse_ppty_ud_dshs_ntvlt_dt	0
lse	보상	lse_crdis_py_rscd	0
lse	보상	lse_law_md_cnst_dt	0
lse	보상	lse_prpn_cmp_gn_st	0
lse	보상	lse_sum_obsrt_md_cnst	0
lse	보상	lse_lsetm_bsns_ctm	0
lse	보상	lse_mdud_edu	0
lse	보상	lse_lsetm_bsns_tm_ikd	0
lse	보상	lse_orncl_bsns_crst	0
lse	보상	lse_gnrz_vl_tgt	0
lse	보상	lse_clm_py_cnc	0
lse	보상	lse_nt_prpn_ccbsc	0
lse	보상	lse_clmnv_dbins	0
lse	보상	lse_mdud_dl_prg	0
lse	보상	lse_next_mdcf	0
lse	보상	lse_dsas_udcd_adm	0
lse	보상	lse_dlg_bnd_sz_info	0
lse	보상	lse_otcm_cr	1
lse	보상	lse_sum_obsrt	0
lse	보상	lse_lsetm_bsns_tm_clmtp	0
lse	보상	lse_qi_extr_cnd	0
lse	보상	lse_xi_py_spc_mdcs_dtal	0
lse	보상	lse_cvrcl_ibnf_spvsn	0
lse	보상	lse_auto_xi_rtx_cc	0
lse	보상	lse_xi_py_spc_ccbsc	0
lse	보상	lse_lsetm_snrt_vlm_info	0
lse	보상	lse_np_nds_clm_cvr	0
lse	보상	lse_py_rs	0
lse	보상	lse_nxt_prvmn	0
lse	보상	lse_amg_fax_chrps_dv	0
lse	보상	lse_xol_event_clm_dm_diamt_dt	0
lse	보상	lse_clm_rcpno	0
lse	보상	lse_dyb_mdorg_dl_crst	0
lse	보상	lse_condt_otcmg_obta	0
lse	보상	lse_np_nds_cr	0
lse	보상	lse_py_chr_ctm_gp	0
lse	보상	lse_orghd_sms_adm	0
lse	보상	lse_mdud_ref_meta	0
lse	보상	lse_vl_st	0
lse	보상	lse_nsly_hsp_rtx_spc	0
lse	보상	lse_auto_xi_crr_dt	0
lse	보상	lse_xi_py_mdcs_dtal	0
lse	보상	lse_sep_py_ibamt_spc	0
lse	보상	lse_futr_dm_nv	0
lse	보상	lse_clm_cas_dm_spc	0
lse	보상	lse_lsetm_bsns_chr	0
lse	보상	lse_clmcv_nvcs_re_spc	0
lse	보상	lse_clmnv_rcp_st_trmt	0
lse	보상	lse_slobs_bfrad_act_prg	0
lse	보상	lse_xol_event_clm_dm_diamt	0
lse	보상	lse_nsly_otp_rtx	0
lse	보상	lse_crdis_rlpmi_intn_cvr_tlm	0
lse	보상	lse_clmnv_st_trpa_ud	0
lse	보상	lse_clm_nv_cs_spc	1
lse	보상	lse_rpair_entp_info	0
lse	보상	lse_nia_condt_tlm	0
lse	보상	lse_ud_dv_cnd_it	0
lse	보상	lse_xipy_cvr_re_spc	0
lse	보상	lse_acrc_mdud_requ	0
lse	보상	lse_auto_xi_clmcv	0
lse	보상	lse_clmnv_requ_xi_rel	0
lse	보상	lse_dsas_sct_adm	0
lse	보상	lse_dm_rde_inssw	0
lse	보상	lse_ns_tp	0
lse	보상	lse_lsetm_idmrt	0
lse	보상	lse_nsly_hsp_rtx	0
lse	보상	lse_hdmgt_fp_clm_rcp	0
lse	보상	lse_xi_py_srh	0
lse	보상	lse_ibnf_dlay_rs	0
lse	보상	lse_clm_nv_requ_bj	0
lse	보상	lse_bron_cr_inq	0
lse	보상	lse_clmps_clm_tp	0
lse	보상	lse_hlion_dt	0
lse	보상	lse_otp_prpn_crmtt	0
lse	보상	lse_ppty_ud	0
lse	보상	lse_slobs_bfrad_it	0
lse	보상	lse_slobs_bfrad_cn	0
lse	보상	lse_clmnv_drct_mtd	0
lse	보상	lse_xi_cc_spc_log	0
lse	보상	lse_hsp_prpn_crmtt	0
lse	보상	lse_hamt_clmrp	0
lse	보상	lse_condt_otcmg_obta_mpp	0
lse	보상	lse_cprt_entp_chrps_as	0
lse	보상	lse_sb_rpt	0
lse	보상	lse_stf_inv	0
lse	보상	lse_lsetm_bsns_clmtp	0
lse	보상	lse_clm_cnn_nc_mtt	0
lse	보상	lse_ltrm_cmp_orgn	0
lse	보상	lse_tth_supm	0
lse	보상	lse_hprm_rq_nbj	0
lse	보상	lse_lsetm_chrps_dlalz_adm	0
lse	보상	lse_obs_it	0
lse	보상	lse_rlpmi_joint_rpbl_shamt	0
lse	보상	lse_lsetm_re_inscc_cls	0
lse	보상	lse_lsetm_opcd_adm	0
lse	보상	lse_lsetm_bsns_prvmn	0
lse	보상	lse_clmnv_st_rtx	0
lse	보상	lse_hsp_prpn_cmp	0
lse	보상	lse_amlg_slobs_bfrad	0
lse	보상	lse_lsetm_bsns_ikd	0
lse	보상	lse_issu_clm	0
lse	보상	lse_std_dsas_ders_csf	0
lse	보상	lse_cmplm	0
lse	보상	lse_oil_unprc_crst	0
lse	보상	lse_ltrm_hamt_clm	0
lse	보상	lse_clm_nv_bdin	0
lse	보상	lse_clmno_mpp	0
lse	보상	lse_lsetm_dt_bsns_chrps	0
lse	보상	lse_clmnv_nrq_rpt	0
lse	보상	lse_np_nds_cr_cvr	0
lse	보상	lse_clm_ntc_crr	0
lse	보상	lse_ntc_vlt_cr	0
lse	보상	lse_clmnv_crps_equ	0
lse	보상	lse_lsetm_bsns_admbj	0
lse	보상	lse_dmas_rdt_dprt	0
lse	보상	lse_injt_trpa_info	0
lse	보상	lse_dmas_crp_vl	0
lse	보상	lse_dmamt_ccbj	0
lse	보상	lse_mdud_ref	0
lse	보상	lse_clmnv_are	0
lse	보상	lse_crdis_rlpmi_intn_inq_tlm	0
lse	보상	lse_dsas_gp	0
lse	보상	lse_acrc_mdud_cvr	0
lse	보상	lse_clmnv_nrdps_st_rtx	0
lse	보상	lse_rcp_dgn	0
lse	보상	lse_nwcd_mpp	0
lse	보상	lse_risp_org_inspt_stf	0
lse	보상	lse_qlt_vl	0
lse	보상	lse_stf_intnl_cpblt	0
lse	보상	lse_slobs_bfrad_rst	0
lse	보상	lse_auto_xi_cr_cvr	0
lse	보상	lse_clm_nv_mtd	0
lse	보상	lse_amg_fax_info	0
lse	보상	lse_lsetm_ud_requ	0
lse	보상	lse_slr_otp_rtx	0
lse	보상	lse_lsetm_bsns_tm_dv	0
lse	보상	lse_dm_rd_vl	0
lse	보상	lse_rlpmi_joint_rpbl_pyamt	0
lse	보상	lse_clmnv_trpa_ud	0
lse	보상	lse_mdud_edu_bj	0
lse	보상	lse_clmnv_cmpx_rdt_dprt	0
lse	보상	lse_odclm_crr_adm	0
lse	보상	lse_org_vl	0
lse	보상	lse_clm_nds_cr	0
lse	보상	lse_slr_hsp_rtx_spc	0
lse	보상	lse_auto_xi_rtx	0
lse	보상	lse_clm_relcc	0
lse	보상	lse_ovse_rtro_xi_spc	0
lse	보상	lse_smpl_ud_amt_adm	0
lse	보상	lse_cvrcl_dm_rde	0
lse	보상	lse_nsly_trt_rtx	0
lse	보상	lse_clm_cvr_nv_cs_spc	0
lse	보상	lse_ardc_auth_dlg	0
lse	보상	lse_psbsn_dm	0
lse	보상	lse_rlpmi_py	0
lse	보상	lse_dtcl_cdmam_crst	0
lse	보상	lse_clm_nv_xc_rqu	0
lse	보상	lse_crdis_rlpmi_intn_cr_tlm	0
lse	보상	lse_next_rmdy_plst	0
lse	보상	lse_clm_nv_requ_org	0
lse	보상	lse_ltrm_hamt_clmrp	0
lse	보상	lse_laps_dv_crr	0
lse	보상	lse_clm_nv_cs_tx_spc	0
lse	보상	lse_rd_tp_dm_rde	0
lse	보상	lse_yycl_ic_quint	0
lse	보상	lse_mnbrn_bsns_info	0
lse	보상	lse_info_inp_re_requ	0
lse	보상	lse_laps_ctl_adm	0
lse	보상	lse_ibnf_cc_er_dl_rst	0
lse	보상	lse_auto_xi_crr	0
lse	보상	lse_mdud_trpa_requ	0
lse	보상	lse_clm_nds_cr_cvr	0
lse	보상	lse_clmnv_mch_hshgd_hgd_ivamt	0
lse	보상	lse_clm_nv	1
lse	보상	lse_clm_nv_requ_rq	0
lse	보상	lse_hamt_clm	0
lse	보상	lse_law_md_cnst	0
lse	보상	lse_dm_rde_nvr_spcz_feld	0
lse	보상	lse_clm_bsns_prg_st	1
lse	보상	lse_bzwpl_acmam	0
lse	보상	lse_clm_rcp_usr_of	0
lse	보상	lse_opccs_ud_rst	0
lse	보상	lse_bfntc_prg	0
lse	보상	lse_ibnf_mdf_ccbsc	0
lse	보상	lse_clm_rcp	1
lse	보상	lse_er_py_rcv	0
lse	보상	lse_clmnv_ivamt	0
lse	보상	lse_lsetm_bsns_chr_dv	0
lse	보상	lse_cvr_slc	0
lse	보상	lse_otcm_mg_xi_py	0
lse	보상	lse_clm_dl_prg_adm	0
lse	보상	lse_clmnv_st_dt_spcft	0
lse	보상	lse_siu_co_relco	0
lse	보상	lse_clmnv_nrdps_st_trmt	0
lse	보상	lse_ltrm_dv_ch_crr	0
lse	보상	lse_daly_av_cmkng	0
lse	보상	lse_exec_blt_vl_st	0
lse	보상	lse_bfntc_ss_bj	0
lse	보상	lse_lsetm_dv_tp	0
lse	보상	lse_xp_cidps_cr	0
lse	보상	lse_xi_cc_nv_info	0
lse	보상	lse_nsly_trt_rtx_spc	0
lse	보상	lse_cr_pout_mtt	0
lse	보상	lse_self_chrg_mx_ctm	0
lse	보상	lse_issu_clm_admit	0
lse	보상	lse_dm_rde_utatp	0
lse	보상	lse_chnmd_cvr_rmdy_crr	0
lse	보상	lse_clmnv_st_dgn	0
lse	보상	lse_sep_py_rfamt_spc	0
lse	보상	lse_dgn	0
lse	보상	lse_rlpmi_trt_nsly_adm	0
lse	보상	lse_mx_ctm_rmimc_accm	0
lse	보상	lse_mdud_rmdy_cnn_spc	0
lse	보상	lse_clmnv_nrdps_st_dgn	0
lse	보상	lse_rtro_clm_rcp_xi_py	0
lse	보상	lse_ibnf_dlay_nt	0
lse	보상	lse_clm_dm_clmps_cr	0
lse	보상	lse_condt_clm_nv_cs_spc	0
lse	보상	lse_lsetm_bsns_tm	0
lse	보상	lse_auto_xi_cr	0
lse	보상	lse_clmnv_mvpr_hprdt	0
lse	보상	lse_exec_blt_vl	0
lse	보상	lse_condt_xi_py	0
lse	보상	lse_clmnv_rcp_st_dgn	0
lse	보상	lse_loss_spc	0
lse	보상	lse_relcc_info	0
lse	보상	lse_xtn_pr_cr	0
lse	보상	lse_next_rmdy_surgy	0
lse	보상	lse_stf_vl	0
lse	보상	lse_pypl_tlno	0
lse	보상	lse_mstk_py_prvtn	0
lse	보상	lse_mdcs_cc_bsc	0
lse	보상	lse_clm_nds_cvr_spc	0
lse	보상	lse_slr_otp_rtx_spc	0
lse	보상	lse_rlpmi_joint_rpbl_ruamt	0
lse	보상	lse_clm_rcp_crr_chrps	0
lse	보상	lse_ibnf_cs_qi	0
lse	보상	lse_dm_rde_nvcs	0
lse	보상	lse_ardc_amt	0
lse	보상	lse_clmnv_sb	0
lse	보상	lse_rtro_xi_py_spc	0
lse	보상	lse_vis_inv_rq	0
lse	보상	lse_dm_rde_gnrz_vl	0
lse	보상	lse_dyb_mdorg_dgn_crst	0
lse	보상	lse_mstk_py_prvtn_cvr	0
lse	보상	lse_ltrm_hamt_clm_cnfm_mtt	0
lse	보상	lse_condt_xi_py_spc	0
lse	보상	lse_cvrcl_dv_st	0
lse	보상	lse_odclm_dt_cvr_spc	0
lse	보상	lse_clm_dm_clmps_pend	0
lse	보상	lse_cvap_xp_rprdm	0
lse	보상	lse_acci_lb_dt	0
lse	보상	lse_lsetm_rst_ntc	0
lse	보상	lse_siu_co_nv_sptps	0
lse	보상	lse_dthms_amt_spc	0
lse	보상	lse_nsly_otp_rtx_spc	0
lse	보상	lse_ltrm_bsns_dv_are	0
lse	보상	lse_self_chamt_rcv_crr	0
lse	보상	lse_clm_nv_obj	0
lse	보상	lse_clm_dm_clmps	0
lse	보상	lse_coop_wr_cr_adm	0
lse	보상	lse_lsetm_bsns_dv_are	0
lse	보상	lse_clmnv_rcp_st_rtx	0
lse	보상	lse_clmnv_st_trmt	0
lse	보상	lse_xp_cidps	0
lse	보상	lse_ibnf_md_av_tgt	0
lse	보상	lse_nv_crr	0
lse	보상	lse_ibnf_ccbsc_mdf_it	0
lse	보상	lse_lsetm_sft_swdl	0
lse	보상	lse_ltrm_hamt_clmcv	0
lse	보상	lse_ex_dp_spc	0
lse	보상	lse_plst_rs	0
lse	보상	lse_clm_nv_obs_it	0
lse	보상	lse_lsetm_bsns_dher	0
lse	보상	lse_glfcs_info	0
lse	보상	lse_otp_mdcs_cc_bsc	0
lse	보상	lse_clm_rcp_dm_ntc	0
lse	보상	lse_stf_intnl_cpblt_it	0
lse	보상	lse_dmst_out_dcu_info	0
lse	보상	lse_smtcl_ex_prg	0
lse	보상	lse_lsetm_entp_hsp	0
lse	보상	lse_clmps	1
lse	보상	lse_lsetm_bsns_rule_adm	0
lse	보상	lse_dm_rde_adm_bj	0
lse	보상	lse_ibnf_py_thrps_invtn	0
lse	보상	lse_plst_par	0
lse	보상	lse_clm_nv_cs_vl	0
lse	보상	lse_rlpmi_rtx_adm	0
lse	보상	lse_eout_dc_clm_crst	0
lse	보상	lse_md_cnst_requ_rst	0
lse	보상	lse_obs_mdud_requ	0
lse	보상	lse_otcom_cr	0
lse	보상	lse_wr_adm_bj	0
lse	보상	lse_mdud_cnst_requ	0
lse	보상	lse_ordr_mtt_it	0
lse	보상	lse_idm_xp	0
lse	보상	lse_clm_rcp_dcu_cpmt_spc	0
lse	보상	lse_slr_hsp_rtx	0
lse	보상	lse_lsetm_bsns_tm_cs	0
lse	보상	lse_clm_nv_spc	0
lse	보상	lse_sep_ibamt_cr	0
lse	보상	lse_otp_prpn_cmp	0
lse	보상	lse_xi_py_spc	1
lse	보상	lse_siu_co_nv	0
lse	보상	lse_dgn_md_cnst	0
lse	보상	lse_clmps_st_rtx	0
lse	보상	lse_law_md_cnst_dtspc	0
lse	보상	lse_moral_spc	0
lse	보상	lse_nnrgt_entp	0
lse	보상	lse_stf_vl_it	0
lse	보상	lse_xtn_pr_cr_rtn_info	0
lse	보상	lse_clmnv_dmamt	0
lse	보상	lse_lw_dlynt	0
lse	보상	lse_hamt_clm_dm	0
aud	감사	aud_adt_info_rcp_cr_dt	0
aud	감사	aud_tpcl_titl_nm	0
aud	감사	aud_rtx_cmpu_apldo_rtn_ldg	0
aud	감사	aud_odtm_adt_sts	0
aud	감사	aud_rtx_rtn_ldg	0
aud	감사	aud_outs_doc	0
aud	감사	aud_outs_rqda_wrt_dep	0
aud	감사	aud_adt_prg_spc	0
aud	감사	aud_mng_ar_spc	0
aud	감사	aud_rtx_us_info	0
aud	감사	aud_rtx_ldg	0
aud	감사	aud_rtx_cmpu_apldo_seqc	0
aud	감사	aud_adt_knwl_adm	0
aud	감사	aud_nsp_stf	0
aud	감사	aud_rtx_seqc	0
aud	감사	aud_adt_info_rcp	0
aud	감사	aud_usly_adt_adm	0
aud	감사	aud_adt_lc	0
aud	감사	aud_bnc_rtx_apldo_seqc	0
aud	감사	aud_rst_mtt	0
aud	감사	aud_bnc_rtx_apldo_ldg	0
aud	감사	aud_rtx_cmpu_apldo_ldg	0
aud	감사	aud_rtx_lss_info	0
aud	감사	aud_dherc_itmcl_sts	0
aud	감사	aud_rtx_stock	0
aud	감사	aud_nsp_bj	0
aud	감사	aud_spcn_dl_ud_spc	0
aud	감사	aud_rtx_nrcvy_sts	0
aud	감사	aud_indi_mng_ar_adm	0
aud	감사	aud_rtx_dm	0
aud	감사	aud_cpc_sys	0
aud	감사	aud_tpcl_chr_nsp	0
aud	감사	aud_nsp_impn_mtt	0
aud	감사	aud_rtx_apldo_ldg	0
aud	감사	aud_fn_clmam	0
aud	감사	aud_rtx_retr_info	0
ins	재보험	ins_fire_ps_cstcu_psrt	0
ins	재보험	ins_mthy_re_prm_xc	0
ins	재보험	ins_ovse_rins_xc_prvsp	0
ins	재보험	ins_rins_rt_st_info	0
ins	재보험	ins_rir_lq_crr_adm	0
ins	재보험	ins_ovse_rins_xc_requ	0
ins	재보험	ins_rins_cr_adm_tot	0
ins	재보험	ins_krre_otcmg_rertr_mtt	0
ins	재보험	ins_nprp_lyr	0
ins	재보험	ins_rins_cr_tot_dt	0
ins	재보험	ins_rins_dcu_rcv_adr	0
ins	재보험	ins_noty_log	0
ins	재보험	ins_ri_cm	0
ins	재보험	ins_noty_log_dt	0
ins	재보험	ins_rins_rert	0
ins	재보험	ins_ovse_rins_xc_adm	0
ins	재보험	ins_rins_dcu	0
ins	재보험	ins_rinsr_re	0
ins	재보험	ins_fire_rinsr_st_qtrt	0
ins	재보험	ins_rins_xc_requ_bj	0
ins	재보험	ins_rins_dcu_rcv_plac	0
ins	재보험	ins_rins_cr_adm	0
ins	재보험	ins_brk_rinsr_stf	0
ins	재보험	ins_rins_dcu_cnn_bsns	0
ins	재보험	ins_re_dl	0
ins	재보험	ins_ovse_rins_xc_bjamt	0
ins	재보험	ins_rins_cm_info	0
ins	재보험	ins_brk_rinsr	0
ins	재보험	ins_xol_rst_cnd	0
ins	재보험	ins_re_dl_ba_mtt	0
ins	재보험	ins_rins_file_trrv	0
ins	재보험	ins_rins_rk_ndx_cc	0
ins	재보험	ins_re_mnamt	0
ins	재보험	ins_ps_cst	0
ins	재보험	ins_rins_dcu_prv	0
ins	재보험	ins_lsetm_rir_lq_ikd_mpp	0
ins	재보험	ins_offs_gp	0
ins	재보험	ins_rins_xc_bjamt	0
ins	재보험	ins_ri_gd_cvr_info	0
ins	재보험	ins_dcu_trrv	0
ins	재보험	ins_brk_rinsr_crddg	0
ins	재보험	ins_rir_lq_ba_da	0
ins	재보험	ins_xol_clm_ins_itm	0
ins	재보험	ins_xol_cr	0
ins	재보험	ins_rins_rk_ndx_rst	0
ins	재보험	ins_rins_tot_tf_dt	0
ins	재보험	ins_re_prg	0
ins	재보험	ins_rins_dcu_dt	0
ins	재보험	ins_xol_cr_ins_itm	0
ins	재보험	ins_ps_cst_prv_spc	0
ins	재보험	ins_ps_cst_cr_spc	0
ins	재보험	ins_xol_event_clm	0
ins	재보험	ins_rins_cop_it_info	0
ins	재보험	ins_dcu_rcv_adr	0
ins	재보험	ins_lsetm_rir_lq	0
ins	재보험	ins_ltrm_xol_clm_re	0
ins	재보험	ins_mthy_re_prm	0
ins	재보험	ins_ri_crinf	0
ins	재보험	ins_krre_otcmg_trrv_mstr	0
ins	재보험	ins_re_chrps_crr	0
ins	재보험	ins_mthy_re_prm_sm	0
ins	재보험	ins_krre_otcmg_mnamt	0
ins	재보험	ins_rins_cr_adm_rel	0
ins	재보험	ins_rins_dcu_adx_file	0
ins	재보험	ins_clm_re_ba_mtt	0
ins	재보험	ins_ovse_rins_xc_spc	0
ins	재보험	ins_rins_img_crt_crr	0
ins	재보험	ins_rins_xc_requ	0
ins	재보험	ins_xol_event_clm_dm	0
ins	재보험	ins_rins_xc_bj	0
ins	재보험	ins_ps_cst_prv_dt	0
ins	재보험	ins_rins_prv_crr	0
ins	재보험	ins_xol_pvl	0
ins	재보험	ins_rins_xc_rqamt	0
ins	재보험	ins_re_prg_crr	0
ins	재보험	ins_rins_crano_info	0
ins	설계배치	ins_pl_oj_batch	0
ins	설계배치	ins_pl_cvr_batch	0
ins	설계배치	ins_pl_dh_stf_batch	0
ins	설계배치	ins_auto_tf_rq_batch	0
ins	설계배치	ins_pl_attf_rq_batch	0
ins	설계배치	ins_pl_cvr_pypre_batch	0
ins	설계배치	ins_pl_cr_info_batch	0
ins	설계배치	ins_pl_relpc_rel_batch	0
ins	설계배치	ins_pl_oj_relpc_batch	0
ins	설계배치	ins_pl_relpc_adr_batch	0
ins	설계배치	ins_if_dmgrt_dt_spc_batch	0
ins	설계배치	ins_pl_relpc_batch	0
ins	설계배치	ins_pl_bltgu_cn_batch	0
ins	설계배치	ins_cr_same_ply_batch	0
ins	설계배치	ins_pl_prmpy_pr_batch	0
ins	설계배치	ins_pyp_ss_adm_batch	0
ins	설계배치	ins_pl_rt_batch	0
ins	설계배치	ins_pl_py_act_batch	0
ins	설계배치	ins_cr_clm_drv_info_batch	0
ins	설계배치	ins_pl_cr_acsr_batch	0
ins	설계배치	ins_ins_pl_batch	0
ins	설계배치	ins_pl_cr_ad_batch	0
ccm	보상	ccm_mntn_fct_mntn_feld	0
ccm	보상	ccm_mntr_qust	0
ccm	보상	ccm_robcr_rv_spc	0
ccm	보상	ccm_trbl_iqcms_spc	0
ccm	보상	ccm_cr_ibnr_dvcf_avg	0
ccm	보상	ccm_cpent_vl	0
ccm	보상	ccm_mntn_fct_wag_adm	0
ccm	보상	ccm_hira_spcft	0
ccm	보상	ccm_nv_spc	0
ccm	보상	ccm_insce_sjtdn_dhaf_adm	0
ccm	보상	ccm_obs_xmn	0
ccm	보상	ccm_psc_pmncd	0
ccm	보상	ccm_trmt_itm_spc	0
ccm	보상	ccm_siu_coonv_sptps	0
ccm	보상	ccm_hira_ud_trmt_md	0
ccm	보상	ccm_cr_ibnr_ba_mpp	0
ccm	보상	ccm_cmp_stf_ctq_mtt	0
ccm	보상	ccm_cpent_lgin_id_spc	0
ccm	보상	ccm_fdbck_vl_bj	0
ccm	보상	ccm_chr_snd_xcpt_bj	0
ccm	보상	ccm_ns_spc	0
ccm	보상	ccm_pln_mvo_cplt_rpt_rst	0
ccm	보상	ccm_dpamt_dcn_dt_spc	0
ccm	보상	ccm_icps_rnt_car	0
ccm	보상	ccm_mcbd_jb_cfc_obsrt	0
ccm	보상	ccm_lsetm_brk	0
ccm	보상	ccm_dvpns_obi_ibnf	0
ccm	보상	ccm_paym_guwr_is	0
ccm	보상	ccm_adv_aos_img_file	0
ccm	보상	ccm_dpamt_dcn	0
ccm	보상	ccm_dpymf_spc	0
ccm	보상	ccm_hira_dmur_xc_ud	0
ccm	보상	ccm_inssw_sprpt_relcc_insm	0
ccm	보상	ccm_mdcf_dtit_mdspc_ud	0
ccm	보상	ccm_cmp_srv_mntr_dt	0
ccm	보상	ccm_siu_nv_prg_stt	0
ccm	보상	ccm_adv_aos_frst_stm	0
ccm	보상	ccm_trmt_wrt_cnfrq_dtspc	0
ccm	보상	ccm_dmgit_drtcs_spc	0
ccm	보상	ccm_pln_mvo_dmge_stt	0
ccm	보상	ccm_et_dmgit_evd	0
ccm	보상	ccm_mcbd_obs_it	0
ccm	보상	ccm_cr_ibnr_tqnt_xi_crr	0
ccm	보상	ccm_cmp_dl_unt	0
ccm	보상	ccm_pln_mvo_cplt_rpt	0
ccm	보상	ccm_are_hwy_chrps	0
ccm	보상	ccm_flt	0
ccm	보상	ccm_prv_prg	0
ccm	보상	ccm_cmp_xcpt_bsns	0
ccm	보상	ccm_dm_spc_ud	0
ccm	보상	ccm_fdbck_vlr_adm	0
ccm	보상	ccm_fsvs_idm_rvi_rt_ba	0
ccm	보상	ccm_siu_rcp_adx_file	0
ccm	보상	ccm_phtnp_rst	0
ccm	보상	ccm_inssw_dmge_rtn_bj	0
ccm	보상	ccm_swdl_bnd_rcv	0
ccm	보상	ccm_rmdy_crs_adm	0
ccm	보상	ccm_tnd_spc	0
ccm	보상	ccm_dm_rd_rptg_nv_cnbd	0
ccm	보상	ccm_jrd_cmp_cnr	0
ccm	보상	ccm_clm_cvr	0
ccm	보상	ccm_dm_rd_rptg_relcc	0
ccm	보상	ccm_cc_as_it	0
ccm	보상	ccm_dmge_nv	0
ccm	보상	ccm_rcvex_py_rslt_spc	0
ccm	보상	ccm_hira_trs_dcu_head	0
ccm	보상	ccm_asmt_cpent_vl	0
ccm	보상	ccm_gn_dmgit_cpent_vl	0
ccm	보상	ccm_ai_aos_dm	0
ccm	보상	ccm_gn_dmgit_cpent_vlit	0
ccm	보상	ccm_psc_pcecd	0
ccm	보상	ccm_cr_ibnr_ba_clm_amt	0
ccm	보상	ccm_hira_spcft_chk	0
ccm	보상	ccm_py_dm_nvcs_adm	0
ccm	보상	ccm_py_dm_nvcs_act	0
ccm	보상	ccm_mvo_entp_of_srv	0
ccm	보상	ccm_impn_adm_it	0
ccm	보상	ccm_rqst_spc_dmge_stt	0
ccm	보상	ccm_pln_mvo_dv_adm	0
ccm	보상	ccm_comp_clm	0
ccm	보상	ccm_tmp_end	0
ccm	보상	ccm_hsp_opn_requ_is	0
ccm	보상	ccm_tz_cnc_adm	0
ccm	보상	ccm_pnd_adm_bj	0
ccm	보상	ccm_siu_rcp	0
ccm	보상	ccm_ordr_mtt_it	0
ccm	보상	ccm_hsp_trpa_asr	0
ccm	보상	ccm_gn_dmgit_vl	0
ccm	보상	ccm_auth_adm	0
ccm	보상	ccm_std_dmamt_adm	0
ccm	보상	ccm_ordr_mtt	0
ccm	보상	ccm_py_rslt_spc	0
ccm	보상	ccm_larg_clm_dmge_spc	0
ccm	보상	ccm_cls_dmamt	0
ccm	보상	ccm_frcr_befo_md_tp_dgrm	0
ccm	보상	ccm_law_cmp_pst_lwr	0
ccm	보상	ccm_gn_dmgit_vlit	0
ccm	보상	ccm_dm_trmt_sbj	0
ccm	보상	ccm_balcs_cs_cc	0
ccm	보상	ccm_fdbck_extr_st_adm	0
ccm	보상	ccm_pstpo_snd_crr	0
ccm	보상	ccm_et_dmgit	0
ccm	보상	ccm_hira_dmur_xc_ud_it	0
ccm	보상	ccm_ag_prg_mtt	0
ccm	보상	ccm_flt_chr	0
ccm	보상	ccm_dm_rd_rptg_dmge_tp	0
ccm	보상	ccm_frcr_prv_adm	0
ccm	보상	ccm_clm_rcp_chek_spc	0
ccm	보상	ccm_cslmn_spc	0
ccm	보상	ccm_agt_jrd_ntn_are	0
ccm	보상	ccm_nv_mtt	0
ccm	보상	ccm_ismb_photo	0
ccm	보상	ccm_hsp_pstdr	0
ccm	보상	ccm_cr_ibnr_acm_dvcf	0
ccm	보상	ccm_victm_inv_chk	0
ccm	보상	ccm_lse_mntn_fct_info	0
ccm	보상	ccm_siu_clm_sptps	0
ccm	보상	ccm_cprt_entp_ctm_adr	0
ccm	보상	ccm_pninf_agre_bjps_dt	0
ccm	보상	ccm_cs_crr	0
ccm	보상	ccm_cprt_entp_cntrt_chrps	0
ccm	보상	ccm_cpent_mntr_py_act_crr	0
ccm	보상	ccm_mntr_rpl	0
ccm	보상	ccm_ins_crme_prnt_cnn_clm	0
ccm	보상	ccm_injr_dgn_spc	0
ccm	보상	ccm_hsp_info_spc	0
ccm	보상	ccm_cprt_entp_prpns_vl	0
ccm	보상	ccm_obs_inr	0
ccm	보상	ccm_rob_nv	0
ccm	보상	ccm_bzfml_clm_cmp_cns	0
ccm	보상	ccm_plst_par	0
ccm	보상	ccm_swdl_bnd	0
ccm	보상	ccm_hira_dmur_st_crr	0
ccm	보상	ccm_cprt_entp_ctm_cntad	0
ccm	보상	ccm_hira_ud_prtn_md	0
ccm	보상	ccm_slfch_rtamt_cc_spc	0
ccm	보상	ccm_vicrp_rmdy_crs	0
ccm	보상	ccm_cmp_stf_cntad	0
ccm	보상	ccm_spccf_hamt_ap_spc	0
ccm	보상	ccm_siu_coonv_cnn_entp	0
ccm	보상	ccm_cmp_prnot_is	0
ccm	보상	ccm_lse_dm_py_info	0
ccm	보상	ccm_fds_alarm_rst	0
ccm	보상	ccm_lse_victm_gd_rank_info	0
ccm	보상	ccm_icps_crins_clm	0
ccm	보상	ccm_trfx_lmamt_dt	0
ccm	보상	ccm_lend_cgatr	0
ccm	보상	ccm_ins_crme_prnt_sptps	0
ccm	보상	ccm_nv_chrps_vl	0
ccm	보상	ccm_dcu_xmn	0
ccm	보상	ccm_hira_trmt_spc	0
ccm	보상	ccm_fds_alarm_adm	0
ccm	보상	ccm_hira_dmur_dcsn	0
ccm	보상	ccm_py_rslt_mstr	0
ccm	보상	ccm_hira_dmbil_ud	0
ccm	보상	ccm_victm_rpt	0
ccm	보상	ccm_ihthe_adm	0
ccm	보상	ccm_fds_mr_bj_adm	0
ccm	보상	ccm_siu_coonv	0
ccm	보상	ccm_obi_ibnf_py_ntc	0
ccm	보상	ccm_tnd_jonps_mtt	0
ccm	보상	ccm_othcr_drve	0
ccm	보상	ccm_clm_rcpno	0
ccm	보상	ccm_hira_ud_tot	0
ccm	보상	ccm_lse_dt_py_rs_info	0
ccm	보상	ccm_ai_aos_dm_spc	0
ccm	보상	ccm_cr_adm_crd	0
ccm	보상	ccm_bd_par_dgn_it_ais	0
ccm	보상	ccm_rob_dhaf_adm	0
ccm	보상	ccm_qlt_auth_ac	0
ccm	보상	ccm_py_dm_nvcs_trfx	0
ccm	보상	ccm_ctm_pst_seek_log	0
ccm	보상	ccm_hira_ud_cpmt_da	0
ccm	보상	ccm_siu_nv_atps	0
ccm	보상	ccm_siu_coonv_relco	0
ccm	보상	ccm_ai_aos_frst_stm	0
ccm	보상	ccm_cpent_avgvl_adm	0
ccm	보상	ccm_cmp_ntc_adm	0
ccm	보상	ccm_dm_rde_spc	0
ccm	보상	ccm_prdm1_ibamt_lm_crr	0
ccm	보상	ccm_ltrm_gn_dt_spc	0
ccm	보상	ccm_dm_ud	0
ccm	보상	ccm_adv_aos_frst_stm_spc	0
ccm	보상	ccm_rpair_netg	0
ccm	보상	ccm_swdl_bnd_cidps	0
ccm	보상	ccm_pt_inv	0
ccm	보상	ccm_fds_snro_st_info	0
ccm	보상	ccm_spccf_spc_ctn	0
ccm	보상	ccm_hsp_ps_spceq_spc	0
ccm	보상	ccm_unins_injr_obi_ntc	0
ccm	보상	ccm_pninf_agre_cntrt_spc	0
ccm	보상	ccm_cprt_entp_py_act	0
ccm	보상	ccm_adv_aos_dmdr	0
ccm	보상	ccm_md_cnst_rmdy_spc	0
ccm	보상	ccm_is_fct_crtfn_is	0
ccm	보상	ccm_obs_ap	0
ccm	보상	ccm_rank_flt	0
ccm	보상	ccm_dmas_entp_ctq_mtt	0
ccm	보상	ccm_inssw_sprpt	0
ccm	보상	ccm_lend_cr_ctp	0
ccm	보상	ccm_drnk_drve_clmdt	0
ccm	보상	ccm_dmrd_rptg_relcc_pyspc	0
ccm	보상	ccm_srips_adm_list	0
ccm	보상	ccm_spccf_haap_obrpt_rmspc	0
ccm	보상	ccm_ibnf_np_spc	0
ccm	보상	ccm_siu_prnt	0
ccm	보상	ccm_fdbck_vlr_crr	0
ccm	보상	ccm_asmt_cprt_entp_crr	0
ccm	보상	ccm_gvmt_hrm_info	0
ccm	보상	ccm_hira_scwnd_spc	0
ccm	보상	ccm_dm_rde	0
ccm	보상	ccm_clm_cnn_cr	0
ccm	보상	ccm_ai_aos_frst_stm_spc	0
ccm	보상	ccm_lse_dm_crinf	0
ccm	보상	ccm_rqst_spc	0
ccm	보상	ccm_ctn_ordr_mmt	0
ccm	보상	ccm_md_cnst_spc	0
ccm	보상	ccm_cmp_srv_mntr	0
ccm	보상	ccm_cr_ibnr_ba_gdprc_ndx	0
ccm	보상	ccm_cpent_pst	0
ccm	보상	ccm_los_pfamt	0
ccm	보상	ccm_py_dm_nvcs_adspc	0
ccm	보상	ccm_clm_rcp_nv	0
ccm	보상	ccm_md_asm_dm_mtt	0
ccm	보상	ccm_dm	0
ccm	보상	ccm_rpcrg_itcl_haap_cn	0
ccm	보상	ccm_chrps_ch_rq_spc	0
ccm	보상	ccm_rob_dhaf_adm_bj	0
ccm	보상	ccm_chrps_ch_crr	0
ccm	보상	ccm_cr_ibnr_tqnt_xi	0
ccm	보상	ccm_ardc_adm	0
ccm	보상	ccm_obs_it	0
ccm	보상	ccm_siu_prnt_relcc	0
ccm	보상	ccm_trfx_lmamt	0
ccm	보상	ccm_aos_cnndc	0
ccm	보상	ccm_hira_dmur_rst	0
ccm	보상	ccm_slbta_atpli_obs_it	0
ccm	보상	ccm_cpent_adm_ctn	0
ccm	보상	ccm_pninf_agre_spc	0
ccm	보상	ccm_bd_par_dgn_it	0
ccm	보상	ccm_rcar_amt	0
ccm	보상	ccm_icps_scrg_index	0
ccm	보상	ccm_bi_spc	0
ccm	보상	ccm_fds_snro_alarm_inr_rst	0
ccm	보상	ccm_sel_obs_nv	0
ccm	보상	ccm_prv_dcu	0
ccm	보상	ccm_prdm_sb_cs_spc	0
ccm	보상	ccm_hira_ud_trst	0
ccm	보상	ccm_dmcy_ibnf	0
ccm	보상	ccm_agamt_cc	0
ccm	보상	ccm_lbr_wefr_pbco_tlm	0
ccm	보상	ccm_spc_adm_bjps	0
ccm	보상	ccm_next_nd_cs	0
ccm	보상	ccm_et_dm_lbamt	0
ccm	보상	ccm_pln_stf_crr	0
ccm	보상	ccm_obs_ap_itm	0
ccm	보상	ccm_cr_ibnr_ba_clmct	0
ccm	보상	ccm_cr_ibnr_ba_bsns	0
ccm	보상	ccm_lse_sep_keep	0
ccm	보상	ccm_rank_flt_spc	0
ccm	보상	ccm_hira_paym_gu	0
ccm	보상	ccm_injr_grd	0
ccm	보상	ccm_pl_stf_dt_spc	0
ccm	보상	ccm_dpamt_dl_spc	0
ccm	보상	ccm_hira_spcft_ud	0
ccm	보상	ccm_fdbck_vl_dt_spc	0
ccm	보상	ccm_schd_adm	0
ccm	보상	ccm_mcbd_jb_cfc	0
ccm	보상	ccm_cpent_spcn_prnt	0
ccm	보상	ccm_lse_dm_clm_info	0
ccm	보상	ccm_pln_stf	0
ccm	보상	ccm_drve_lic	0
ccm	보상	ccm_smrt_chek_vl	0
ccm	보상	ccm_cpent_ilglt_bhvr	0
ccm	보상	ccm_lse_op_info	0
ccm	보상	ccm_dm_sv_chrtm	0
ccm	보상	ccm_ins_crme_prnt_rw	0
ccm	보상	ccm_inssw_sprpt_relcc	0
ccm	보상	ccm_ba_flt_mdf_spc	0
ccm	보상	ccm_py_dm_nvcs	0
ccm	보상	ccm_ac_xch_spc	0
ccm	보상	ccm_flt_chr_expl	0
ccm	보상	ccm_md_asm	0
ccm	보상	ccm_dmge_nv_end_imu	0
ccm	보상	ccm_mntn_fct_as_cprcp	0
ccm	보상	ccm_robcr_cnf_spc	0
ccm	보상	ccm_hira_dmbil	0
ccm	보상	ccm_ai_aos_img_file	0
ccm	보상	ccm_dtcl_dmgrt	0
ccm	보상	ccm_icps_scrg_spc	0
ccm	보상	ccm_dm_rd_rptg	0
ccm	보상	ccm_md_cnts_dgn	0
ccm	보상	ccm_lse_hagth_dgn_rmdy_info	0
ccm	보상	ccm_dm_spc	0
ccm	보상	ccm_drv_xi_spc	0
ccm	보상	ccm_dm_rde_dgn	0
ccm	보상	ccm_psbsn_dm	0
ccm	보상	ccm_dmgit_drtcs_dm_dt_spc	0
ccm	보상	ccm_atpli	0
ccm	보상	ccm_cprt_entp_dv	0
ccm	보상	ccm_pln_mvo	0
ccm	보상	ccm_adv_aos_dm	0
ccm	보상	ccm_mdf_elm	0
ccm	보상	ccm_asent_rec_requ	0
ccm	보상	ccm_plst_rs	0
ccm	보상	ccm_adv_aos_dm_spc	0
ccm	보상	ccm_larg_clm_spc	0
ccm	보상	ccm_st_ic	0
ccm	보상	ccm_hira_spcf_spc	0
ccm	보상	ccm_dp_spc	0
ccm	보상	ccm_cr_nv	0
ccm	보상	ccm_crvlt	0
ccm	보상	ccm_swdl_bnd_prg	0
ccm	보상	ccm_hira_prtn_spc	0
ccm	보상	ccm_lse_de_obs_info	0
ccm	보상	ccm_spccf_haap_obs_rptg	0
ins	마감통계외부	Ins_accpb_cvr_prm_diss	0
ins	마감통계외부	ins_ihthe_inq_reply_mtt	0
ins	마감통계외부	ins_mdcs_trt_cr_inq	0
ins	마감통계외부	ins_gn_ins_prm_diss	0
ins	마감통계외부	Ins_accpb_cvr_rfd	0
ins	마감통계외부	ins_dvpns_inqct	0
ins	마감통계외부	ins_dvpns_pstng_tlm	0
ins	마감통계외부	ins_dvpns_ts_cr_da	0
ins	마감통계외부	ins_dvpns_rpbl_rcrmt	0
ins	마감통계외부	ins_dvpns_carmt	0
ins	마감통계외부	ins_dmcy_ibnf_mmcls	0
ins	마감통계외부	ins_rlpmi_trt_bf_inq	0
ins	마감통계외부	ins_dvpns_basts_wrt_cd_adm	0
ins	마감통계외부	ins_gn_rn_dm_clg_info	0
ins	마감통계외부	ins_gn_nelp_clg_cr_info	0
ins	마감통계외부	ins_dvpns_rnwrt_da	0
ins	마감통계외부	ins_cp_ps_cr	0
ins	마감통계외부	ins_crdis_ts_relpc_da	0
ins	마감통계외부	ins_gn_reins_dm_clg_info	0
ins	마감통계외부	Ins_accpb_stch_cvr_rfd_crr	0
ins	마감통계외부	ins_cmins_ins_cr_clg_vrf	0
ins	마감통계외부	ins_rlpmi_trt_cr_rgt	0
ins	마감통계외부	ins_dmgrt	0
ins	마감통계외부	ins_ctupr_pym_crst	0
ins	마감통계외부	ins_snstn_ldgr_inq_tlm	0
ins	마감통계외부	ins_crdis_ts_rst_rcv	0
ins	마감통계외부	ins_cls_rt_adm	0
ins	마감통계외부	Ins_accpb_cr_prm_diss_crr	0
ins	마감통계외부	ins_rl_nwcrt_crfw	0
ins	마감통계외부	ins_crdis_crdif_dt	0
ins	마감통계외부	ins_auto_tf_fbs_bk_cn_rcp	0
ins	마감통계외부	Ins_accpb_cls_cr	0
ins	마감통계외부	ins_mdcs_trt_tlm	0
ins	마감통계외부	ins_udps_info_trs	0
ins	마감통계외부	ins_ihthe_inq_log	0
ins	마감통계외부	ins_dvpns_my_crps_inq	0
ins	마감통계외부	Ins_accpb_rl_nwcrt_crfw	0
ins	마감통계외부	ins_dvpns_dtyns_summ_rcv	0
ins	마감통계외부	ins_dvpns_drve_inq	0
ins	마감통계외부	ins_dcl_info_file_adm	0
ins	마감통계외부	ins_rlpmi_cvr_db_pl_spc	0
ins	마감통계외부	ins_inscp_cl_crinf_dt_inq	0
ins	마감통계외부	ins_cls_ikd_adm	0
ins	마감통계외부	Ins_accpb_cls_cvr_crr	0
ins	마감통계외부	ins_gn_ins_cvr_clg	0
ins	마감통계외부	ins_cr_cvr_cl	0
ins	마감통계외부	Ins_accpb_cr_prm_diss	0
ins	마감통계외부	ins_bscrl_clm_da	0
ins	마감통계외부	ins_dvpns_rglt_vlt	0
ins	마감통계외부	ins_dvpns_mktg_agre_ts	0
ins	마감통계외부	ins_dcl_info_adm	0
ins	마감통계외부	ins_mobl_photo_rgt	0
ins	마감통계외부	ins_auto_tf_nwdrc_bdl_snd	0
ins	마감통계외부	ins_np_cls_sts	0
ins	마감통계외부	ins_dvpns_psins_clm_da	0
ins	마감통계외부	ins_cmins_ins_cr_clg	0
ins	마감통계외부	ins_snstn_ldgr_fl_info	0
ins	마감통계외부	ins_auto_tf_cms_bk_rcp	0
ins	마감통계외부	ins_dvpns_basts_rltn_errcv	0
ins	마감통계외부	Ins_accpb_stch_cr_rfd_crr	0
ins	마감통계외부	ins_idm_bnd	0
ins	마감통계외부	Ins_accpb_cr_whpy_diss	0
ins	마감통계외부	ins_cmins_ins_cr_clgdt	0
ins	마감통계외부	ins_dvpns_carno_dcn_rqda	0
ins	마감통계외부	ins_inorg_hnd_adm	0
ins	마감통계외부	ins_cmins_ptntl_pf_da	0
ins	마감통계외부	ins_nlisr_asso_befo_inq	0
ins	마감통계외부	ins_dvpns_rpbl_rcrmt_sts	0
ins	마감통계외부	ins_crdis_deadr_info	0
ins	마감통계외부	ins_dvpns_pstng_crr	0
ins	마감통계외부	ins_basts_nrdps	0
ins	마감통계외부	ins_cmins_clm_cvr_cls	0
ins	마감통계외부	ins_dvpns_psins_cr_da	0
ins	마감통계외부	ins_nlisr_asso_tlm_inq	0
ins	마감통계외부	ins_udps_info_rcv	0
ins	마감통계외부	ins_nexca_cls_cr	0
ins	마감통계외부	ins_dvpns_ag_drve_clm	0
ins	마감통계외부	ins_dvpns_co_obj_as	0
ins	마감통계외부	Ins_accpb_stch_cvr_rfd	0
ins	마감통계외부	ins_gn_rnprm_clg_info	0
ins	마감통계외부	ins_mnrt	0
ins	마감통계외부	Ins_accpb_cr_rfd_crr	0
ins	마감통계외부	Ins_accpb_stch_cr_rfd	0
ins	마감통계외부	ins_np_cls_cr	0
ins	마감통계외부	ins_basts_rk	0
ins	마감통계외부	ins_mdcs_trt_cr_info	0
ins	마감통계외부	ins_cmins_ins_re_cls	0
ins	마감통계외부	ins_dvpns_nis_da	0
ins	마감통계외부	ins_dvpns_rgvlt_crrcd_adm	0
ins	마감통계외부	ins_inbr_ba_da	0
ins	마감통계외부	ins_rlpmi_trt_cvr_rgt	0
ins	마감통계외부	ins_ntclt_snd_crst	0
ins	마감통계외부	Ins_accpb_cr_whpy_diss_crr	0
ins	마감통계외부	ins_basts_cr	0
ins	마감통계외부	Ins_accpb_cr_whamt	0
ins	마감통계외부	ins_cmins_clm_cvr_re_cls	0
ins	마감통계외부	ins_dvpns_inssw_rtn	0
ins	마감통계외부	ins_dvpns_cr_week_info	0
ins	마감통계외부	ins_nlisr_cr_prm_inq_tlm	0
ins	마감통계외부	ins_crcr_dcls_nelp_prm	0
ins	마감통계외부	ins_dvpns_cr_week_vltif	0
ins	마감통계외부	ins_dvpns_er_rcv	0
ins	마감통계외부	ins_basts_cvr	0
ins	마감통계외부	ins_rlpmi_cvr_db_cvr_spc	0
ins	마감통계외부	ins_tlm_ts_da_atr	0
ins	마감통계외부	ins_crdis_ts_cvr_da	0
ins	마감통계외부	ins_dvpns_pstng	0
ins	마감통계외부	Ins_accpb_cvr_rfd_crr	0
ins	마감통계외부	ins_mdcs_trt_befo_inq	0
ins	마감통계외부	ins_auto_tf_fbs_bk_ch_rcp	0
ins	마감통계외부	ins_snstn_ldgr_dt_inq	0
ins	마감통계외부	ins_cls_cfc_dt_adm	0
ins	마감통계외부	ins_nlisr_asso_cr_inq	0
ins	마감통계외부	ins_dvpns_cr_rgt_adm	0
ins	마감통계외부	ins_crdis_crdif_ge	0
ins	마감통계외부	ins_wdrc_agre_evd_da_vrf	0
ins	마감통계외부	ins_cmrat_crst	0
ins	마감통계외부	ins_tlm_ts_da_er	0
ins	마감통계외부	ins_dvpns_tlm_inq_adm	0
ins	마감통계외부	ins_dvpns_drve_rq	0
ins	마감통계외부	ins_tlm_inq_batch_adm	0
ins	마감통계외부	ins_cls_cfc_adm	0
ins	마감통계외부	Ins_accpb_cr_rfd	0
ins	마감통계외부	ins_inorg_inq_auth_bjps	0
ins	마감통계외부	ins_crcr_cm_cls_nelp_prm	0
ins	마감통계외부	ins_gn_rn_av_clg_info	0
ins	마감통계외부	ins_mdcs_trt_cvr_info	0
ins	마감통계외부	ins_cr_cl	0
ins	마감통계외부	ins_nlisr_asso_cvr_inq	0
ins	마감통계외부	ins_cmins_chr_admr_av	0
ins	마감통계외부	ins_dvpns_icps_inq_auadm	0
ins	마감통계외부	ins_nexca_cls_sts	0
ins	마감통계외부	Ins_accpb_cls_cr_crr	0
ins	마감통계외부	ins_dvpns_dtycr_summ_rcv	0
ins	마감통계외부	ins_dvpns_us_oj_log	0
ins	마감통계외부	Ins_accpb_cvr_prm_diss_crr	0
ins	마감통계외부	ins_ibnr	0
ins	마감통계외부	ins_crdis_ts_cr_da	0
ins	마감통계외부	ins_gn_rins_nelp_clg_info	0
ins	마감통계외부	Ins_accpb_cls_cvr	0
ins	마감통계외부	ins_dvpns_clm_drv	0
ins	마감통계외부	ins_cls_grttg_da	0
ins	마감통계외부	ins_gn_rn_nelp_clg_info	0
ins	마감통계외부	ins_gn_rins_av_clg_info	0
ccm	소송	ccm_lw_clm_cvr	0
ccm	소송	ccm_dm_lbamt_cc	0
ccm	소송	ccm_lw	0
ccm	소송	ccm_depst	0
ccm	소송	ccm_lw_bsns_flg	0
ccm	소송	ccm_lwjd_victm	0
ccm	소송	ccm_cr_pgamt_spc	0
ccm	소송	ccm_lw_bf_iq_rq	0
ccm	소송	ccm_et_pgamt_spc	0
ccm	소송	ccm_loss_rtamt_dt	0
ccm	소송	ccm_bd_ap_next_mdcf	0
ccm	소송	ccm_bd_ap_itm	0
ccm	소송	ccm_lw_acd_csf	0
ccm	소송	ccm_trm_los_amt	0
ccm	소송	ccm_next_mdcf	0
ccm	소송	ccm_lw_prg	0
ccm	소송	ccm_py_jgamt_cs	0
ccm	소송	ccm_gn_ltrm_pgamt_spc	0
ccm	소송	ccm_lw_obs_it_spc	0
ccm	소송	ccm_ns_rs_spc	0
ccm	소송	ccm_cv_obsrt_cal	0
ccm	소송	ccm_lwjd	0
ccm	소송	ccm_lw_noty_spc	0
ccm	소송	ccm_lw_noty_dt_spc	0
ccm	소송	ccm_loss_rtamt_cal	0
ccm	소송	ccm_dm_lbamt_dlay_nt_cal	0
ccm	소송	ccm_depst_trd_de	0
ccm	소송	ccm_lw_bsamt_spc	0
ccm	소송	ccm_lw_bf_iq_tlamt	0
ccm	소송	ccm_lw_missu_spc	0
ccm	소송	ccm_law_cnst_spc	0
ccm	소송	ccm_lw_obs_desc	0
ccm	소송	ccm_lw_relcc	0
ccm	소송	ccm_lw_nt_cal_spc	0
ccm	소송	ccm_plat_deft_adm	0
ccm	소송	ccm_law_cnst	0
ccm	소송	ccm_lw_merg_obs_spc	0
ccm	소송	ccm_bd_ap_obs_dgn	0
ccm	소송	ccm_flt_stf_dc	0
cmp	준법	cmp_wlst_pvcr_adm	0
cmp	준법	cmp_psinf_us_mktg_utl_spc	0
cmp	준법	cmp_usly_svle_chek	0
cmp	준법	cmp_ad_scpt	0
cmp	준법	cmp_lwad_cd	0
cmp	준법	cmp_ad_scpt_prvsp	0
cmp	준법	cmp_intnl_crut_rcp_spc	0
cmp	준법	cmp_bnc_rcv_tlm	0
cmp	준법	cmp_psn_crdif_tpcl_of_crst	0
cmp	준법	cmp_kye_self_rprt	0
cmp	준법	cmp_slfrgl_vltb	0
cmp	준법	cmp_ad_scpt_chek	0
cmp	준법	cmp_cmpln_rptg	0
cmp	준법	cmp_wlst_pvcr_ud_crr	0
cmp	준법	cmp_cvap_relcc	0
cmp	준법	cmp_crdm_adm	0
cmp	준법	cmp_hamt_ase_ctm_crst	0
cmp	준법	cmp_cvap_adm	0
cmp	준법	cmp_crp_seal_us_adm	0
cmp	준법	cmp_intl_crut_spcn_dl	0
cmp	준법	cmp_ctm_cnf_sys	0
cmp	준법	cmp_ad_scpt_chek_list	0
cmp	준법	cmp_vl_chk_cd	0
cmp	준법	cmp_lwad_plg_adm	0
cmp	준법	cmp_psn_crdio_tp_rq	0
cmp	준법	cmp_etcs_mgm_qust	0
cmp	준법	cmp_etcs_mgm_bjps_crst	0
cmp	준법	cmp_cmpln_adx_file_chek	0
cmp	준법	cmp_cyc_vl_chk	0
cmp	준법	cmp_lw_adm_cmt_ap_rq	0
cmp	준법	cmp_ad_scpt_file_adm	0
cmp	준법	cmp_psn_crdio_org	0
cmp	준법	cmp_cvap_dl_crr	0
ins	계약관리	ins_ag_driver	0
ins	계약관리	ins_cramt_info	0
ins	계약관리	ins_cmins_rt_cc_ba	0
ins	계약관리	ins_cr_scp_rt_ad_atr	0
ins	계약관리	ins_ag_drve_is_requ_info	0
ins	계약관리	ins_ins_cr	0
ins	계약관리	ins_dmcy_ibnf_adm_cr	0
ins	계약관리	ins_gr_ctm_gd_dscrt	0
ins	계약관리	ins_fire_rkgr_ndx	0
ins	계약관리	ins_prs_cr_ctp	0
ins	계약관리	ins_prs_cr	0
ins	계약관리	ins_dvpns_carnm_info	0
ins	계약관리	ins_dvpns_carnm_ctp	0
ins	계약관리	ins_lap_ntc_ob	0
ins	계약관리	ins_pyp_ss_adm	0
ins	계약관리	ins_crp_entp_vl	0
ins	계약관리	ins_eng_inply_prg_adm	0
ins	계약관리	ins_rlpmi_cvr_scp_dbcdt	0
ins	계약관리	ins_hpcar_srv_xstf_adm	0
ins	계약관리	ins_carnm_cr_ty	0
ins	계약관리	ins_ag_drve_entp	0
ins	계약관리	ins_cmpg_it_itm	0
ins	계약관리	ins_hrmny_dcobj_ba_info	0
ins	계약관리	ins_hrmny_xclc_dc	0
ins	계약관리	ins_seoul_milg_adm	0
ins	계약관리	ins_bn	0
ins	계약관리	ins_cmpg_rst	0
ins	계약관리	ins_cr_udrtk_are_rt	0
ins	계약관리	ins_acpt_rj_ccl_bj	0
ins	계약관리	ins_cr_relpc	0
ins	계약관리	ins_er_cr_adm	0
ins	계약관리	ins_nrdps_tisrd_nt_spc	0
ins	계약관리	ins_cr_cvr	0
ins	계약관리	ins_cr_ta_prv_rq_dt	0
ins	계약관리	ins_gr_gd_rgt	0
ins	계약관리	ins_gr_cr_ctm_relpc	0
ins	계약관리	ins_prdcp_prs_carnm	0
ins	계약관리	ins_cmins_rt_cc_prv	0
ins	계약관리	ins_temp_cnmcd_rq	0
ins	계약관리	ins_xcrt_info	0
ins	계약관리	ins_eng_ins_ply_is	0
ins	계약관리	ins_cr_trt_rt_adm	0
ins	계약관리	ins_fmlz_dcu_ntc_prg_adm	0
ins	계약관리	ins_dvpns_carnm_cr_ty	0
ins	계약관리	ins_dvpns_inq_requ_rsv	0
ins	계약관리	ins_once_wrk_bj	0
ins	계약관리	ins_carg_ntn_cty	0
ins	계약관리	ins_outs_carnm	0
ins	계약관리	ins_sbscr_dmydp_inq	0
ins	계약관리	ins_outs_carnm_atch	0
ins	계약관리	ins_cmpg_ctm_bj	0
ins	계약관리	ins_ndv_is_crtf_log	0
ins	계약관리	ins_cr_cr_noty	0
ins	계약관리	ins_bn_lb_flg_tp	0
ins	계약관리	ins_spc_adm_nrdps	0
ins	계약관리	ins_prdcp_or_brand	0
ins	계약관리	ins_crp_entp_vl_rst	0
ins	계약관리	ins_fire_relpc_ad_info	0
ins	계약관리	ins_atrnw_rj_rq_adm	0
ins	계약관리	ins_bn_adx_trt	0
ins	계약관리	ins_crcr_udrtk_atr	0
ins	계약관리	ins_spc_cr_adm	0
ins	계약관리	ins_ap_rt_err_cr	0
ins	계약관리	ins_ins_bn_cc_tp	0
ins	계약관리	ins_nds_tpcd_adm_dt	0
ins	계약관리	ins_cr_nds_fmldc	0
ins	계약관리	ins_dln_pout_mtt	0
ins	계약관리	ins_pl_agre_autno_is	0
ins	계약관리	ins_nr_cr	0
ins	계약관리	ins_crdif_inq_agr_adm	0
ins	계약관리	ins_sbrnc_index_crst	0
ins	계약관리	ins_pr_vcr_ch_mtt	0
ins	계약관리	ins_batch_bzdy	0
ins	계약관리	ins_xtng_equ_chk	0
ins	계약관리	ins_cmpg_qusnr	0
ins	계약관리	ins_condt_bf_is_inq	0
ins	계약관리	ins_cmpg_mng_mtt	0
ins	계약관리	ins_rlpmi_cvr_scp_dbcs	0
ins	계약관리	ins_auto_ntc_adm	0
ins	계약관리	ins_bsns_dat	0
ins	계약관리	ins_cr_cr_dmgrt	0
ins	계약관리	ins_nds_tpcd_adm	0
ins	계약관리	ins_crp_spcrt_ap	0
ins	계약관리	ins_bsns_noty_dcu	0
ins	계약관리	ins_carnm_ctp	0
ins	계약관리	ins_cmpg_cr_info	0
ins	계약관리	ins_cr_scp_rt	0
ins	계약관리	ins_auto_rnw_ariv	0
ins	계약관리	ins_cr_ta_prv_rq	0
ins	계약관리	ins_carg_ntn	0
ins	계약관리	ins_ndv_is_crtf	0
ins	계약관리	ins_logor_bzps	0
ins	계약관리	ins_cmpg_qust_rst	0
ins	계약관리	ins_dvpns_cramt_info	0
ins	계약관리	ins_cr_noty_msg	0
ins	계약관리	ins_rlpmi_cvr_spc	0
ins	계약관리	ins_cr_cvr_cv_rq	0
ins	계약관리	ins_cr_img_adm	0
ins	계약관리	ins_bsns_dat_it	0
ins	계약관리	ins_bdl_cr_ta	0
ins	계약관리	ins_cr_nds_mstr	0
ins	계약관리	ins_cmpg_qust_qtit	0
ins	계약관리	ins_bdl_nds	0
ins	계약관리	ins_totls_cr	0
ins	계약관리	ins_gr_cr_ctm	0
ins	계약관리	ins_carnm_info	0
ins	계약관리	ins_spcl_img_ch_crr	0
ins	계약관리	ins_dvpns_nds_inr_inq	0
fin	재무회계	fin_py_st	0
fin	재무회계	fin_crpca_prv_adm	0
fin	재무회계	fin_md_rq_bj	0
fin	재무회계	fin_bz_awrd_erp_rltn	0
fin	재무회계	fin_pyst_dv_dl_spc	0
fin	재무회계	fin_pool_adm	0
fin	재무회계	fin_py_cr_spc	0
fin	재무회계	fin_stm_xc	0
fin	재무회계	fin_inr_memo_crr	0
fin	재무회계	fin_mbsh_crd_is_rq	0
fin	재무회계	fin_crd_ap_er_adm	0
fin	재무회계	fin_mbsh_crd_is_spc	0
fin	재무회계	fin_spc_acc_tf_vrspc	0
fin	재무회계	fin_wdrc_agre_dhaf_chk	0
fin	재무회계	fin_dcl_itnm_adm	0
fin	재무회계	fin_frst_ifrs_tacc_ldg	0
fin	재무회계	fin_lq_spc	0
fin	재무회계	fin_bdl_tf_trrv_spc	0
fin	재무회계	fin_onl_dl_bsns_adm	0
fin	재무회계	fin_dy_fd_rq	0
fin	재무회계	fin_rv_xc_mnt_adm	0
fin	재무회계	fin_fnorg	0
fin	재무회계	fin_lctx_pym_crst	0
fin	재무회계	fin_svi_ase_spc	0
fin	재무회계	fin_dlplc_act	0
fin	재무회계	fin_rv_xc	0
fin	재무회계	fin_evd	0
fin	재무회계	fin_ldg_atr_meta	0
fin	재무회계	fin_dpot	0
fin	재무회계	fin_bz_avtb	0
fin	재무회계	fin_crpca_ar_ps_adm	0
fin	재무회계	fin_acc_ldg	0
fin	재무회계	fin_amg_act_is_crr	0
fin	재무회계	fin_eme_rk_rfamt	0
fin	재무회계	fin_cnn_ins_ply_adm	0
fin	재무회계	fin_mnts_prm	0
fin	재무회계	fin_ldg_memo	0
fin	재무회계	fin_badbt_pv	0
fin	재무회계	fin_ln_bnd_mbr	0
fin	재무회계	fin_fc_rm_rq	0
fin	재무회계	fin_exp_aact_dt	0
fin	재무회계	fin_imty_tf_pydy_tsm	0
fin	재무회계	fin_cu_st_dt	0
fin	재무회계	fin_clsf_form_form	0
fin	재무회계	fin_adtx_rpr_xcpt	0
fin	재무회계	fin_br_fd_dot	0
fin	재무회계	fin_rstx_spc_cltn_summ	0
fin	재무회계	fin_lq_ldg	0
fin	재무회계	fin_mnth_cls_tot	0
fin	재무회계	fin_bz_avtb_instm	0
fin	재무회계	fin_jrd_uof	0
fin	재무회계	fin_crp_crd_dm_info	0
fin	재무회계	fin_lq_dot	0
fin	재무회계	fin_rppsc_ap_rq	0
fin	재무회계	fin_mnbrn_acc_slp_spc	0
fin	재무회계	fin_dp_ldg_memo	0
fin	재무회계	fin_wn_py_rq	0
fin	재무회계	fin_fx_ase_rdt_dp	0
fin	재무회계	fin_fd_inex_pl	0
fin	재무회계	fin_cls_da_dl	0
fin	재무회계	fin_rstx_spc_cltn_dt	0
fin	재무회계	fin_act_cls_cfc_vrf	0
fin	재무회계	fin_br_fd_cr	0
fin	재무회계	fin_elec_tx_bll_vrspc	0
fin	재무회계	fin_py_cr_dtspc	0
fin	재무회계	fin_aprt_adm	0
fin	재무회계	fin_dcl_da_cc_acc	0
fin	재무회계	fin_spc_acc_fdtf_spc	0
fin	재무회계	fin_rinsc_lq_da_ap	0
fin	재무회계	fin_ifrs_fina_tlm	0
fin	재무회계	fin_ifrs9_tacc_ldg	0
fin	재무회계	fin_condt_pend_adm	0
fin	재무회계	fin_crptx_pd_rstx	0
fin	재무회계	fin_intnl_dl_slp	0
fin	재무회계	fin_usr_ic_xc_crr	0
fin	재무회계	fin_crpca_is_crst	0
fin	재무회계	fin_lq_asmt_xc	0
fin	재무회계	fin_py_cr_dp_spc	0
fin	재무회계	fin_epay_file_spc	0
fin	재무회계	fin_ntacc_fina_gp_mpp	0
fin	재무회계	fin_pyst_cnc_noty	0
fin	재무회계	fin_edutx_cc	0
fin	재무회계	fin_exp_aact	0
fin	재무회계	fin_ntacc	0
fin	재무회계	fin_crd_nnt_adm	0
fin	재무회계	fin_lq_dot_poamt	0
fin	재무회계	fin_cls_form_tot_calc	0
fin	재무회계	fin_vnc_as_dot	0
fin	재무회계	fin_bzcs_prv_dmd	0
fin	재무회계	fin_spc_acc_fd_tf	0
fin	재무회계	fin_crpca_us_spc	0
fin	재무회계	fin_dmcy_ibnf	0
fin	재무회계	fin_spl_stm_rq_ap	0
fin	재무회계	fin_ldg_ch_tabl	0
fin	재무회계	fin_po	0
fin	재무회계	fin_ins_ctm_mbrs_ctm_mpp	0
fin	재무회계	fin_crpca	0
fin	재무회계	fin_fc_rm_rcpnt	0
fin	재무회계	fin_dcl_row_it_dt	0
fin	재무회계	fin_po_rst	0
fin	재무회계	fin_ldg_acc_crr	1
fin	재무회계	fin_py_xc	1
fin	재무회계	fin_rv_etdl_rq_spc	0
fin	재무회계	fin_dtcl_cls_form	0
fin	재무회계	fin_erp_rltn	0
fin	재무회계	fin_dp_ldg	0
fin	재무회계	fin_rv_etdl_stm_line	0
fin	재무회계	fin_rtm_slr_dt	0
fin	재무회계	fin_frst_tacc_ldg	0
fin	재무회계	fin_fc_chk	0
fin	재무회계	fin_pnt_stm	0
fin	재무회계	fin_lq_bdl_asmt	0
fin	재무회계	fin_cls_form	0
fin	재무회계	fin_ldg_memo_crr	0
fin	재무회계	fin_elec_txbll_itm	0
fin	재무회계	fin_dl_rst_spc	0
fin	재무회계	fin_usr_scr_atr	0
fin	재무회계	fin_mend_rptg_bz_avtb	0
fin	재무회계	fin_fc_rm_bj_ldg	0
fin	재무회계	fin_elec_prv_dcu	0
fin	재무회계	fin_fd_cr_spc	0
fin	재무회계	fin_onl_batch_exec_info	0
fin	재무회계	fin_slp	1
fin	재무회계	fin_pa_inr	0
fin	재무회계	fin_badbt_st	0
fin	재무회계	fin_nfnc_rtm_slr	0
fin	재무회계	fin_fd_index	0
fin	재무회계	fin_bk_dl_tot	0
fin	재무회계	fin_slp_dtcl_crt_spc	0
fin	재무회계	fin_py_st_np_spc	0
fin	재무회계	fin_cmn_tot_calc	0
fin	재무회계	fin_edutx_inr	0
fin	재무회계	fin_lq_asmt_adm	0
fin	재무회계	fin_inr_ifrs_tacc_ldg	0
fin	재무회계	fin_uc_prm_cr_adm	0
fin	재무회계	fin_crd_ldg	0
fin	재무회계	fin_bdl_tf_tf_spc	0
fin	재무회계	fin_txaf_cls_adm	0
fin	재무회계	fin_epay_stm	0
fin	재무회계	fin_tblam_list	0
fin	재무회계	fin_fc_vl_inr	0
fin	재무회계	fin_crpca_mb_info_crt_rcv	0
fin	재무회계	fin_dy_fd_adm	0
fin	재무회계	fin_crpca_ar	0
fin	재무회계	fin_rtman_spc_acc_rltn	0
fin	재무회계	fin_bfdy_tblam	0
fin	재무회계	fin_mnth_fd_xp	0
fin	재무회계	fin_bzwpl	0
fin	재무회계	fin_nfnc_invst_rstm	0
fin	재무회계	fin_bdl_amg_act_ta	0
fin	재무회계	fin_amg_act_is	0
fin	재무회계	fin_dtcl_ifrs_tacc_ldg	0
fin	재무회계	fin_bdg_dp_spc	0
fin	재무회계	fin_pypl	0
fin	재무회계	fin_cract_chk_bk	0
fin	재무회계	fin_dcl_it_ap_adm	0
fin	재무회계	fin_spc_acc_tf_vrf	0
fin	재무회계	fin_dcl_it_adm	0
fin	재무회계	fin_erp_bz_avtb_st_it	0
fin	재무회계	fin_acct_dot	0
fin	재무회계	fin_intnl_dl_slp_spc	0
fin	재무회계	fin_crd_rt	0
fin	재무회계	fin_dmcy_ibnf_spc	0
fin	재무회계	fin_slp_ap_py_rq	0
fin	재무회계	fin_bdg_dp_dv_spc	0
fin	재무회계	fin_dcl_inp_auth_adm	0
fin	재무회계	fin_dm_sy_txaf_rpr	0
fin	재무회계	fin_imtmc_acs_snd_tlm	0
fin	재무회계	fin_paff_cls_da	0
fin	재무회계	fin_lq_cscl_pvl_dt	0
fin	재무회계	fin_bnc_dp_sts_ldg	0
fin	재무회계	fin_acct_tf	0
fin	재무회계	fin_crpca_dl_spc_rcv	0
fin	재무회계	fin_badbt_pv_ba_info	0
fin	재무회계	fin_ltrm_crfw_nwcrt	0
fin	재무회계	fin_cash_rdmny_cls	0
fin	재무회계	fin_inr_memo	0
fin	재무회계	fin_spcf_bsns_dl_bj	0
fin	재무회계	fin_rtman_tf	0
fin	재무회계	fin_crpca_rq_adm	0
fin	재무회계	fin_wdrc_agre_ars_auth	0
fin	재무회계	fin_br_fd_rdmny_cls	0
fin	재무회계	fin_kko_pay_cu_crr	0
fin	재무회계	fin_inr_tacc_ldg	0
fin	재무회계	fin_cls_slp_info	0
fin	재무회계	fin_dp_ldg_memo_crr	0
fin	재무회계	fin_ocls_form	0
fin	재무회계	fin_rppsc_ap	0
fin	재무회계	fin_np_acc_ldg	1
fin	재무회계	fin_auth_dlg	0
fin	재무회계	fin_us_st_dt	0
fin	재무회계	fin_bdl_tf_ap	0
fin	재무회계	fin_py_xc_spc	0
fin	재무회계	fin_usr_ic_xc	0
fin	재무회계	fin_adtx_inr	0
fin	재무회계	fin_dacs_pypl	0
fin	재무회계	fin_cu_st	0
fin	재무회계	fin_py_st_ch_crr	0
fin	재무회계	fin_acct_ch_crr	0
fin	재무회계	fin_elec_txbll	0
fin	재무회계	fin_wh_cltn_rpr	0
fin	재무회계	fin_et_rv_sb	0
fin	재무회계	fin_tacc_ldg	0
fin	재무회계	fin_inr_edamt_sb	0
fin	재무회계	fin_tabl_clm_atr	0
fin	재무회계	fin_epay_stm_rq	0
fin	재무회계	fin_py_actin_ch_crr	0
fin	재무회계	fin_dsh_bll_crr	0
fin	재무회계	fin_bzcs_rcapm_cr	0
fin	재무회계	fin_dl_rq_pnt_dt	0
fin	재무회계	fin_cract_chk	0
fin	재무회계	fin_mnts_prm_prv	0
fin	재무회계	fin_br_fd_spc	0
fin	재무회계	fin_act_adt_da_adm	0
fin	재무회계	fin_bdl_ldg_ta	0
fin	재무회계	fin_bll_ldg	0
fin	재무회계	fin_rm_nd_hms	0
fin	재무회계	fin_dlplc_rgt_evnt	0
fin	재무회계	fin_bzcs_prvmn_list	0
fin	재무회계	fin_crpca_mb_tlm_crt_rcv	0
fin	재무회계	fin_imtmc_outs_org_auth	0
fin	재무회계	fin_invst_fd_op	0
fin	재무회계	fin_cls_form_it	0
fin	재무회계	fin_vnc_as	0
fin	재무회계	fin_crpca_rq_dtspc	0
fin	재무회계	fin_py_cr	1
fin	재무회계	fin_nfnc_rtm_slr_ba	0
fin	재무회계	fin_bdg_dp	0
fin	재무회계	fin_crd_jngms	0
fin	재무회계	fin_svi_ase	0
fin	재무회계	fin_rgd_rent	0
fin	재무회계	fin_lpnt_mbrs_ctm_mpp	0
fin	재무회계	fin_crpca_outs_rcv_da	0
fin	재무회계	fin_spc_agr_entp	0
fin	재무회계	fin_acct	0
fin	재무회계	fin_rtm_slp	0
fin	재무회계	fin_ldg_ch_rq	0
fin	재무회계	fin_dy_avtot	0
fin	재무회계	fin_tf_bk_as_st	0
fin	재무회계	fin_lq_xc	0
fin	재무회계	fin_rpbl_rfamt	0
fin	재무회계	fin_badbt_pv_da	0
fin	재무회계	fin_txaf_pym_slp_info	0
fin	재무회계	fin_ifrs_tacc_ldg	0
fin	재무회계	fin_rinsc_lq_da	0
fin	재무회계	fin_ntacc_ch_crr	0
fin	재무회계	fin_condt	0
fin	재무회계	fin_bdl_tf_dl_spc	0
fin	재무회계	fin_dl_rq_bj	0
fin	재무회계	fin_us_st	0
fin	재무회계	fin_dl_rq_spc_hdcft_crt	0
fin	재무회계	fin_rv_etdl_rq	0
fin	재무회계	fin_rtm_slp_spc	0
fin	재무회계	fin_ldg_ch_clm	0
fin	재무회계	fin_pa_it_spc	0
fin	재무회계	fin_fd_dlrpt	0
fin	재무회계	fin_rv_ctl_adm	0
fin	재무회계	fin_ifrs_fina_tlm_tot	0
fin	재무회계	fin_rv_etdl_dl_spc	0
fin	재무회계	fin_spl_stm_navpay_rq_ap	0
fin	재무회계	fin_shinbn_rltn	0
fin	재무회계	fin_elec_txbll_rltn	0
fin	재무회계	fin_whtx_acc_mpp	0
fin	재무회계	fin_rtm_ifrs_tacc_ldg	0
fin	재무회계	fin_dat_exec_vrf	0
fin	재무회계	fin_bnc_dp_ldg	0
fin	재무회계	fin_dl_rq_spc	0
fin	재무회계	fin_acc_dot	0
fin	재무회계	fin_whtx_inr	0
fin	재무회계	fin_prm_rv_sb	1
fin	재무회계	fin_bzcs_it_set	0
fin	재무회계	fin_slp_spc	1
fin	재무회계	fin_adtx_rpr	0
fin	재무회계	fin_bsns_schd	0
fin	재무회계	fin_crptx_pd_rstx_st	0
fin	재무회계	fin_imtmc_acs_snd	0
fin	재무회계	fin_dt_adm	0
fin	재무회계	fin_dl_grttg_er_omit	0
fin	재무회계	fin_bdg_dp_cnn_ldg	0
fin	재무회계	fin_spcf_bsns_auth_adm	0
fin	재무회계	fin_scrt	0
fin	재무회계	fin_edutx_nfina_da	0
fin	재무회계	fin_bdg_dp_evd_info	0
fin	재무회계	fin_nfnc_aro	0
fin	재무회계	fin_act_cls_adm	0
fin	재무회계	fin_amg_act_dp_requ	0
fin	재무회계	fin_rins_nd_crst_anal	0
fin	재무회계	fin_l_pay_auth_rq	0
fin	재무회계	fin_crd_binno	0
fin	재무회계	fin_crpca_us_spc_tot	0
ins	계약	ins_pln_rcn_adm	0
ins	계약	ins_ins_cr	1
ins	계약	ins_oj_tp_peamt	0
ins	계약	ins_oj_lctn	0
ins	계약	ins_rk_tp_md_cfc	0
ins	계약	ins_xol_clm	0
ins	계약	ins_cr_apl_ud_adm	0
ins	계약	ins_gren_cr_info	0
ins	계약	ins_cr_cvr_cmplm_spc	0
ins	계약	ins_cvrcl_net_av	0
ins	계약	ins_nrdps_tisrd_atr	1
ins	계약	ins_cr_cvr_rt	0
ins	계약	ins_xol_victm	0
ins	계약	ins_oj_mnamt	0
ins	계약	ins_index_sts	0
ins	계약	ins_nrdps_prsn_spc	0
ins	계약	ins_cr_oj_self_chamt	0
ins	계약	ins_ins_cr_bld	0
ins	계약	ins_icdc_napc_yr_adm	0
ins	계약	ins_cr_ltrm_cvr	0
ins	계약	ins_cr_cvr	1
ins	계약	ins_hpcar_srv_adm	0
ins	계약	ins_oj_bdl_cmp_lm	0
ins	계약	ins_oj_cc_ba_elm	0
ins	계약	ins_cmins_rt_cc_spc	0
ins	계약	ins_tx_cc_sp	0
ins	계약	ins_oj_list_itm	0
ins	계약	ins_hpcar_srv_sms_rq	0
ins	계약	ins_cr_clm_drv_info	0
ins	계약	ins_rtamt_ariv	0
ins	계약	ins_trt_cnc_ntc	0
ins	계약	ins_sl_crst	0
ins	계약	ins_smamt_clm_ex	0
ins	계약	ins_whpy_rq	1
ins	계약	ins_ins_cr_bld_str	0
ins	계약	ins_hgrk_grp_bj_cr	0
ins	계약	ins_cr_tp_dhstf_crr	0
ins	계약	ins_xc_nt_relpc	0
ins	계약	ins_cr_oj_ad_atrvl	0
ins	계약	ins_cr_milxc_rst_info	0
ins	계약	ins_cvr_mnamt	0
ins	계약	ins_udw_dscrt	0
ins	계약	ins_cr_sl_cvr	0
ins	계약	ins_emeg_mvo_srv	0
ins	계약	ins_ins_cr_mnamt	0
ins	계약	ins_cr_ln_info	0
ins	계약	ins_pym_grc_rq	0
ins	계약	ins_cr_rk_tp	0
ins	계약	ins_cr_prm_dc	0
ins	계약	ins_cr_srp_spc	0
ins	계약	ins_inr_cr	1
ins	계약	ins_cr_milg_xc_entp	0
ins	계약	ins_rvi_adm	0
ins	계약	ins_oj_accpt_plc	0
ins	계약	ins_apl_lmit_adm	0
ins	계약	ins_cr_aqr_rt_mnamt	0
ins	계약	ins_cr_oj_nrdps_list	0
ins	계약	ins_pln_nv_rst	0
ins	계약	ins_cr_re_rk_rnamt	0
ins	계약	ins_condt	0
ins	계약	ins_cr_oj	0
ins	계약	ins_cr_acsr_mch_eqamt	0
ins	계약	ins_cr_aqr_rt	0
ins	계약	ins_ins_cr_memo_adm	0
ins	계약	ins_hpcar_srv_rcp	0
ins	계약	ins_cr_cr_ad	0
ins	계약	ins_cr_pr_es_dt	0
ins	계약	ins_pln_rcn_adm_crr	0
ins	계약	ins_cr_udrtk_atps	0
ins	계약	ins_rkcl_cvr_mnamt	0
ins	계약	ins_cr_ad_info	0
ins	계약	ins_cr_st_crr	1
ins	계약	ins_cr_milxc_oper_info	0
ins	계약	ins_cr_py_act_rq	0
ins	계약	ins_cvr_mn_asamt	0
ins	계약	ins_cr_rt	0
ins	계약	ins_crbe_nc_mtt	0
ins	계약	ins_emeg_clm_mvo_rst	0
ins	계약	ins_cr_nc_mtt_scwnd	0
ins	계약	ins_cr_xp_rtamt	0
ins	계약	ins_cr_nds_dt	0
ins	계약	ins_cr_pr_es	0
ins	계약	ins_cr_cvr_ad	0
ins	계약	ins_cr_cr_info	0
ins	계약	ins_cr_same_ply	0
ins	계약	ins_oj_cirm_bn	0
ins	계약	ins_oj_cc_ba	0
ins	계약	ins_cvr_ad_atrvl	0
ins	계약	ins_cr_cr_dctp_milg	0
ins	계약	ins_cm_mtd	1
ins	계약	ins_rtamt_cc_spc	0
ins	계약	ins_isamt_dt_spc	0
ins	계약	ins_cr_nds_py_act	0
ins	계약	ins_cr_nc_mtt	1
ins	계약	ins_pln_rcn_adm_rst_rcv	0
ins	계약	ins_dherc_sts	0
ins	계약	ins_cr_ad_atrvl	0
ins	계약	ins_oj_relpc	0
ins	계약	ins_cr_cvr_nrdps_avage	0
ins	계약	ins_condt_mnamt	0
ins	계약	ins_whpy_bj	1
ins	계약	ins_cumny_cc_spc	0
ins	계약	ins_cmins_rt_cc_oj	0
ins	계약	ins_ntp_cs_lbtrs	0
ins	계약	ins_cr_relpc_ad_atrvl	0
ins	계약	ins_cr_ovse_stay_rlpmi_pym_stop_rq	0
ins	계약	ins_cr_relpc_rel	1
ins	계약	ins_cr_same_ply_gp	0
ins	계약	ins_cr_relpc	1
ins	계약	ins_cr_nds_mstr	0
ins	계약	ins_cr_sbcvr_spc	0
ins	계약	ins_cr_clm_cr	0
ins	계약	ins_cr_nds_tp	0
ins	계약	ins_xc_cr_adm	0
ins	계약	ins_cmpg_ud_info	0
ins	계약	ins_cumny_cc_dt_spc	0
ins	계약	ins_cr_dh_stf_crr	1
ins	계약	ins_oj_ad_cnd	0
ins	계약	ins_cr_milg_relf	0
ins	계약	ins_cr_relpc_adr_crr	1
ins	계약	ins_cr_img_ud	0
ins	심사관리	ins_cr_bsns_supt_adm	0
ins	심사관리	ins_cr_udrtk_ap_crst	0
ins	심사관리	ins_bdl_ud_xcpt	0
ins	심사관리	ins_udw_cnr_cs_vl	0
ins	심사관리	ins_udwr_sb	0
ins	심사관리	ins_udwr_br_as	0
ins	심사관리	ins_scwnd_udst_xc	0
ins	심사관리	ins_udwr	1
ins	심사관리	ins_ud_dcn_psrt	0
ins	심사관리	ins_gd_csf_ud_auth	0
ins	심사관리	ins_ud	1
ins	심사관리	ins_ud_rqcr_rs	0
ins	심사관리	ins_udwr_as_st	0
ins	심사관리	ins_dgn_requ	0
ins	심사관리	ins_mdc_rst_it	0
ins	심사관리	ins_ud_rq_mtt	0
ins	심사관리	ins_udlmi_tp	0
ins	심사관리	ins_spc_adm_bj	0
ins	심사관리	ins_pl_qna_adm	0
ins	심사관리	ins_udwr_gd_as	0
ins	심사관리	ins_scwnd_qust	0
ins	심사관리	ins_utatp_ap	0
ins	심사관리	ins_ud_as_crr	0
ins	심사관리	ins_cr_ud_udrtk_bltgu_cn	0
ins	심사관리	ins_cndl_ud	0
ins	심사관리	ins_scwnd_udst_sbcvr	0
ins	심사관리	ins_cr_udwr_adm	0
ins	심사관리	ins_ud_cvr_dt_spc	0
ins	심사관리	ins_scwnd_udst	0
ins	심사관리	ins_acm_tp	0
ins	심사관리	ins_cr_udw_cnr_cs_vl	0
ins	심사관리	ins_ud_rst_acm	0
ins	심사관리	ins_ins_udwr	0
ins	심사관리	ins_ud_cvrad_atrvl_dtspc	0
ins	심사관리	ins_scwnd	0
ins	심사관리	ins_car_befo_ud	0
ins	심사관리	ins_ud_rst	0
ins	심사관리	ins_nrdps_befo_ud	0
ins	심사관리	ins_utgu_vlt_cn	0
ins	심사관리	ins_nrdps_befo_ud_alarm	0
ins	심사관리	ins_scwnd_qust_rpl	0
ins	심사관리	ins_car_befo_ud_alarm	0
ins	심사관리	ins_cr_udrtk_ap_bld	0
ins	심사관리	ins_cr_udrtk_ap_are	0
ins	심사관리	ins_crdis_rlpmi_cvr_acm_tp_mpp	0
ins	심사관리	ins_pl_qna_adm_rpl	0
ins	심사관리	ins_nxt_prvmn_rel	0
ins	심사관리	ins_utatp_cnn_plyno	0
ins	심사관리	ins_cr_ud_it	0
ins	심사관리	ins_ud_rst_acm_cvr_md	0
ins	심사관리	ins_cndl_ud_xc	0
ins	심사관리	ins_rstps_es	0
ins	심사관리	ins_tisrd_dsas_crr	0
ins	심사관리	ins_acm_tpcl_udrtk_lm	0
ins	심사관리	ins_cndl_ud_sbcvr	0
ins	심사관리	ins_lctn_cl_udwr	0
ins	심사관리	ins_ud_requ_dt_rs	0
ins	심사관리	ins_ba_ud_auth	0
ins	심사관리	ins_main_scwnd	0
ins	심사관리	ins_ud_cndl_dt_cn	0
ins	심사관리	ins_utatp	0
ins	심사관리	ins_ud_wrk_crr	0
ins	심사관리	ins_crdis_facvr_acm_tp_mpp	0
com	공통기타	com_inflw_img_mdf_spc	0
com	공통기타	com_hdcft_da_clm	0
com	공통기타	com_std_indcd_adm	0
com	공통기타	com_cno_ap_spc	0
com	공통기타	com_lgin_xcpt_dl	0
com	공통기타	com_tlm_ch_rq	0
com	공통기타	com_batch_pmtr	0
com	공통기타	com_file_updn_list_adm	0
com	공통기타	com_stf_rle_allct	0
com	공통기타	com_cptrb_rcpcr	0
com	공통기타	com_hdcft_da_dat	0
com	공통기타	com_scr_func	0
com	공통기타	com_cptrb_rcp	0
com	공통기타	com_inorg_dcu	0
com	공통기타	com_inr_memo	0
com	공통기타	com_lgin_xcpt_stf_dl	0
com	공통기타	com_prv_crr	0
com	공통기타	com_batch_wrk	0
com	공통기타	com_prvln_adm	0
com	공통기타	com_lms_msg_spc	0
com	공통기타	com_batch_wrk_psinf_crr	0
com	공통기타	com_psinf_aces_log_temp	0
com	공통기타	com_tlm_ba	0
com	공통기타	com_sms_msg_spc	0
com	공통기타	com_img_info_adm	0
com	공통기타	com_batch_prnot_spc	0
com	공통기타	com_smfl_ofplc	0
com	공통기타	com_hdcft_da_wrt	0
com	공통기타	com_sep_keep	0
com	공통기타	com_batch_wrk_cnf_spc	0
com	공통기타	com_file_save_pth	0
com	공통기타	com_psinf_edps	0
com	공통기타	com_scr_fvr	0
com	공통기타	com_batch_prnot_adm	0
com	공통기타	com_cus_info_mskdl_auadm	0
com	공통기타	com_inflw_img_bsns_memo	0
com	공통기타	com_acc_cnc_rq_adm	0
com	공통기타	com_tlm_mpp_clss	0
com	공통기타	com_batch_work_list	0
com	공통기타	com_sms_ts_adm	0
com	공통기타	com_inflw_img_file_elm	0
com	공통기타	com_batch_work_grp	0
com	공통기타	com_img_info_dt	0
com	공통기타	com_tlm_feld_ch	0
com	공통기타	com_prv_info	0
com	공통기타	com_batch_prnot_rq_adm	0
com	공통기타	com_inflw_img_ch_spc	0
com	공통기타	com_file_updn_rq_adm	0
com	공통기타	com_tlm_mpp_clss_ch	0
com	공통기타	com_tlm_save_tabl	0
com	공통기타	com_batch_prnot_cd	0
com	공통기타	com_pfm_dl_log_adm	0
com	공통기타	com_cno_ap	0
com	공통기타	com_cus_info_mskdl_bjadm	0
com	공통기타	com_inflw_img	0
com	공통기타	com_ums_snd_rst	0
com	공통기타	com_is_seq_adm	0
com	공통기타	com_cptrb_rcp_spc	0
com	공통기타	com_batch_wrk_psinf	0
com	공통기타	com_cmn_ctn_lgin_adm	0
com	공통기타	com_seqc_adm	0
com	공통기타	com_inr_ctm_cntrt_spc	0
com	공통기타	com_tlm_save_tabl_ch	0
com	공통기타	com_allct_av_rle	0
com	공통기타	com_str_scr	0
com	공통기타	com_prvmn_list	0
com	공통기타	com_batch_grp_pmtr_es_vl	0
com	공통기타	com_batch_pmtr_es_vl	0
com	공통기타	com_tabl_dat_ers_log	0
com	공통기타	com_inorg_dcu_cnn_org	0
com	공통기타	com_batch_wrk_crr	0
com	공통기타	com_prnot_adm	0
com	공통기타	com_hdcft_da_list	0
com	공통기타	com_tlm_feld	0
com	공통기타	com_jnl_log	0
com	공통기타	com_batch_crt_smfl	0
com	공통기타	com_fr_lgin_hms_adm	0
com	공통기타	com_inflw_img_rcgnt_rst	0
com	공통기타	com_batch_vrf_pmtr	0
sam	실적/통계	sam_asso_inq_reply_mtt	0
sam	실적/통계	sam_wkdgr_adm	0
sam	실적/통계	sam_bz_cls_dt	0
sam	실적/통계	sam_coop_av_mmcls	0
sam	실적/통계	sam_cr_cscl_sl	0
sam	실적/통계	sam_coop_av_dcls	0
sam	실적/통계	sam_car_gn_rspamt_adm	0
sam	실적/통계	sam_incm_prm_bz_av	0
lse	HFDS	lse_cer_clm_spqu_tp_crst	0
lse	HFDS	lse_cer_thmcl_dmtp_crst	0
lse	HFDS	lse_ce_relpc_spqu_crst	0
lse	HFDS	lse_cer_cr_spqu_crst	0
lse	HFDS	lse_clm_tpcl_dt_crst	0
lse	HFDS	lse_clm_tpcl_spqu_crst	0
lse	HFDS	lse_inscr_clm_spqu_crst	0
lse	HFDS	lse_thmcl_dm_tp_crst	0
lse	HFDS	lse_inssw_st	0
lse	HFDS	lse_cer_cnn_hspcl_crst	0
lse	HFDS	lse_cer_cnn_hspcl_dcrst	0
lse	HFDS	lse_clm_tpcl_crst	0
lse	HFDS	lse_bzorg_spc_adm_bj	0
igd	보험상품기본	igd_gd_sl_pl_cvr_adm	0
igd	보험상품기본	igd_gd_atr_apcd	0
igd	보험상품기본	igd_cvr_csf	0
igd	보험상품기본	igd_ltrm_bzcs	1
igd	보험상품기본	igd_crdis_cvr_mpp	0
igd	보험상품기본	igd_gd_cvr	1
igd	보험상품기본	igd_gd_rk_oj	0
igd	보험상품기본	igd_prnot_cop_elm_out_cnd	0
igd	보험상품기본	igd_nc_mtt_qust_it	0
igd	보험상품기본	igd_ltrm_rfd	0
igd	보험상품기본	igd_gd_sl_cvrcd	0
igd	보험상품기본	igd_ltrm_ba_atr_meta	0
igd	보험상품기본	igd_ins_itm_pst_csf	0
igd	보험상품기본	igd_scr_prnot_gd_atr	0
igd	보험상품기본	igd_prnot_ins_prc_ndx	0
igd	보험상품기본	igd_srp_vl_st	0
igd	보험상품기본	igd_atvt_dc_pnt_cu_st	0
igd	보험상품기본	igd_gd_vlidtn	0
igd	보험상품기본	igd_std_rkrt_gdcd_mpp	0
igd	보험상품기본	gd_rt	0
igd	보험상품기본	igd_cvr	1
igd	보험상품기본	igd_ltrm_prm	1
igd	보험상품기본	igd_dsas_flgcd	0
igd	보험상품기본	igd_clmcv_adm	0
igd	보험상품기본	igd_prnot_atmtt_prg	0
igd	보험상품기본	igd_gd_rk_tp	0
igd	보험상품기본	igd_ins_trm_pym_trm	0
igd	보험상품기본	igd_dcu_out_prg_adm	0
igd	보험상품기본	igd_gd_amd_flg	0
igd	보험상품기본	igd_nc_mtt_qusdc	0
igd	보험상품기본	igd_ltrm_rato_cop_it	1
igd	보험상품기본	gd_rt_ky	0
igd	보험상품기본	igd_nc_mtt_low_risk_st	0
igd	보험상품기본	igd_gd_xml_info	0
igd	보험상품기본	igd_nc_mtt_qust	0
igd	보험상품기본	igd_gd_sl_pl_adm	0
igd	보험상품기본	igd_gd_clm_cvr	0
igd	보험상품기본	igd_srp_atr	0
igd	보험상품기본	igd_scr_prnot_cvr_ordr	0
igd	보험상품기본	igd_intn_org_cvr	0
igd	보험상품기본	igd_std_rkrt_cd	0
igd	보험상품기본	igd_gd_cvr_isamt_st	0
igd	보험상품기본	igd_gd_us_atr	0
igd	보험상품기본	igd_gd_anal_da	0
igd	보험상품기본	igd_cvr_clmcv	0
igd	보험상품기본	igd_gd_ba_dcu_adm	0
igd	보험상품기본	igd_gd_sl_pl_cvr	0
igd	보험상품기본	igd_srp_ap_st	0
igd	보험상품기본	igd_ins_itm_use_csf	0
igd	보험상품기본	igd_clm_tp	0
igd	보험상품기본	igd_gd	1
igd	보험상품기본	igd_ltrm_rato	1
igd	보험상품기본	igd_gd_csf	0
igd	보험상품기본	igd_std_rkrt_cop	0
igd	보험상품기본	igd_gd_sl_cvr	0
igd	보험상품기본	igd_sl_cvr	0
igd	보험상품기본	gd_rt_crr	0
igd	보험상품기본	igd_prnot_gn_prg	0
igd	보험상품기본	igd_dsas_flg_rel	0
igd	보험상품기본	igd_gd_us_ins_cnd	0
igd	보험상품기본	igd_prnot_ntc_prg	0
igd	보험상품기본	igd_hlt_age_dc_ndxcl_dc_age	0
igd	보험상품기본	igd_prnot_cop_elm	0
igd	보험상품기본	igd_intn_org_cvr_rel	0
igd	보험상품기본	igd_clm_tp_cvr	0
igd	보험상품기본	igd_prnot_ntc_prg_cop	0
igd	보험상품기본	igd_cr_atr_meta	0
igd	보험상품기본	igd_cvr_subo_rel	0
igd	보험상품기본	igd_rk_tp	0
igd	보험상품기본	igd_ltrm_gd_rt_crr	0
igd	보험상품기본	igd_gd_sl_chn_rel	0
igd	보험상품기본	igd_gds_utgu	0
igd	보험상품기본	igd_nc_mtt_qust_xcpt_st	0
igd	보험상품기본	igd_cr_cvr_as_it	0
igd	보험상품기본	igd_rk_oj	0
igd	보험상품기본	igd_cr_cvr_asipp_flg	0
igd	보험상품기본	igd_nc_mtt_qusdc_it	0
igd	보험상품기본	igd_nc_mtt_rpl	0
igd	보험상품기본	igd_clmcv_atr	0
igd	보험상품기본	igd_instm_xpnm_adm	0
igd	보험상품기본	igd_ltrm_gd_rt_info	1
igd	보험상품기본	igd_ins_cnd_prg	0
igd	보험상품기본	igd_gd_bn_knd	0
igd	보험상품기본	igd_gd_cvrcl_acm_tp	0
igd	보험상품기본	igd_lsetm_cvr_adm	0
igd	보험상품기본	igd_gd_ap_nc_mtt	0
igd	보험상품기본	igd_ikd_atr_us_rel	0
igd	보험상품기본	igd_hlt_age_itcl_dc_ndx	0
igd	보험상품기본	igd_gd_sl_prm_es	0
igd	보험상품기본	igd_gd_pr_rt	0
igd	보험상품기본	igd_oj_tp_ap_csf	0
igd	보험상품기본	igd_gd_ap_dc_xc	0
igd	보험상품기본	igd_atvt_dc_pnt_cl_dscrt	0
igd	보험상품기본	igd_gd_rk_oj_cvr	0
igd	보험상품기본	igd_gd_sl_pl	0
igd	보험상품기본	igd_cvr_pst_csf	0
igd	보험상품기본	igd_nlisr_asso_cvr_cn	0
igd	보험상품기본	igd_carg_dlplc_aqr_rt	0
igd	보험상품기본	igd_oj_tp	0
igd	보험상품기본	igd_cr_cvr_asitc_clmcv	0
igd	보험상품기본	igd_gd_info_usr_adm	0
igd	보험상품기본	igd_clm_cvr	0
igd	보험상품기본	igd_gd_sl_trm	0
igd	보험상품기본	igd_gd_relpc	0
com	공통코드	met_std_dic	0
com	공통코드	met_cmn_msg	0
com	공통코드	met_subo_rel_cd_defn	0
com	공통코드	met_subo_rel_tp	0
com	공통코드	met_csfcd	0
com	공통코드	met_dtcd	0
com	공통코드	met_csfcd_us_rel	0
sam	조직/기관	sam_stf	0
sam	조직/기관	sam_org_tlno	0
sam	조직/기관	sam_org_str_crr	0
sam	조직/기관	sam_psn_info_crr	0
sam	조직/기관	sam_org_adr_crr	0
sam	조직/기관	sam_outs_org	0
sam	조직/기관	sam_stf_cntad	0
sam	조직/기관	sam_org_atr_ch_crr	0
sam	조직/기관	sam_stf_paff_crr	0
sam	조직/기관	sam_cnser_adm	0
sam	조직/기관	sam_stf_rle	0
sam	조직/기관	sam_stf_rltn	0
sam	조직/기관	sam_crstf_acc	0
sam	조직/기관	sam_stf_addr	0
sam	조직/기관	sam_org	0
sam	조직/기관	sam_org_ordr_adm	0
sam	조직/기관	sam_crf	0
sam	조직/기관	sam_crstf_acc_rq	0
ins	입출금	ins_auto_tf_rqdc_ssdt	0
ins	입출금	ins_condt_incm_prm	0
ins	입출금	ins_ins_cr	0
ins	입출금	ins_cvr_incm_prm	1
ins	입출금	ins_rtx_ss	0
ins	입출금	ins_rtx_ss_dt	0
ins	입출금	ins_ins_pl	0
ins	입출금	ins_auto_tf_spc	1
ins	입출금	ins_auto_tf_rqdc_ss	0
ins	입출금	ins_auto_trfrq	1
ins	입출금	ins_cvr_ins_pym_pr	0
ins	입출금	ins_incm_prm	1
ins	입출금	ins_bk_attf_rq_er	0
ins	입출금	ins_incm_prm_dc_spc	0
ins	입출금	ins_whpy_bj	1
ins	입출금	ins_auto_tf_schd	1
ins	입출금	ins_cvr_incm_prm_diss	0
ins	입출금	ins_py_act	0
ins	입출금	ins_py_dc	1
ins	입출금	ins_hpcar_srv_xc	0
ins	입출금	ins_fir_crd_rv_adm	0
ins	입출금	ins_cr_pty_nd_prm	0
ins	입출금	ins_auto_tf_pyr_noadm	0
ins	입출금	ins_prm_pym_pr	0
ins	입출금	ins_incm_phstf_rvsn_crr	0
ins	입출금	ins_crt_uc_spc	0
ins	입출금	ins_cr_nds_mstr	0
ins	입출금	ins_py	1
ins	입출금	ins_imty_wdrc_dl_spc	0
ins	입출금	ins_dp_dl_er	1
ins	입출금	ins_nrdps_prm_pym_pr	0
ins	입출금	ins_cr_cvr	0
ins	입출금	ins_inr_gir_ss	0
ins	입출금	ins_auto_trfrq_xcpt_spc	0
ins	입출금	ins_inprm_dh_stf_spc	0
ins	입출금	ins_condt_prm_pym_pr	0
ins	입출금	ins_rp_adm	1
ins	입출금	ins_tf_wrk_dl_crst	1
ins	입출금	ins_mnt_rp_adm	0
ins	입출금	cus_ctm_act	0
ins	입출금	ins_gren_cr_xc_spc	0
ins	입출금	ins_inprm_dh_stf	1
ins	입출금	ins_py_prv	0
ins	입출금	ins_tf_ercd	1
ins	입출금	ins_mn_inprm	0
ins	입출금	ins_auto_tf_rq	1
sec	정보보호	sec_dyb_psinf_us_ctm	0
sec	정보보호	sec_dep_cl_chk_rst	0
sec	정보보호	sec_psinf_of_cpent	0
sec	정보보호	sec_thrps_psinf_of	0
sec	정보보호	sec_ctl_dep_chk_rst	0
sec	정보보호	sec_psinf_ps_trm	0
sec	정보보호	sec_psinf_of_it	0
sec	정보보호	sec_trst_entp	0
sec	정보보호	sec_trst_entp_drut_crr	0
sec	정보보호	sec_dyb_psinf_us_ctm_upld	0
sec	정보보호	sec_ctl_dep_chk_rst_dt	0
sec	정보보호	sec_mthy_bsns_exec_dt	0
sec	정보보호	sec_psinf_drut_spc	0
sec	정보보호	sec_psinf_o2_read_spc	0
sec	정보보호	sec_dyb_psinf_us_crst	0
sec	정보보호	sec_psinf_aces_feld_log	0
sec	정보보호	sec_psinf_aces_log	0
sec	정보보호	sec_trst_entp_chk_crr	0
sec	정보보호	sec_psinf_drut_cnf_spc	0
sec	정보보호	sec_thrps_psinf_of_log	0
sec	정보보호	sec_thrps_psinf_of_drut	0
sec	정보보호	sec_mthy_chk_itcl_crst	0
sec	정보보호	sec_mthy_bsns_exec_rs	0
sec	정보보호	sec_mthy_us_rank_crst	0
sec	정보보호	sec_trst_entp_scrt_dl_it	0
sec	정보보호	sec_dyb_psinf_us_ctm_bck	0
gea	총무	gea_itm_prv_prg_chrps	0
gea	총무	gea_ga_cla_bj_spc	0
gea	총무	gea_tnd_cr_spc	0
gea	총무	gea_rnt_rq	0
gea	총무	gea_prts_snd_rst	0
gea	총무	gea_org_supt_itm	0
gea	총무	gea_ase_temp_rgt	0
gea	총무	gea_cmpu_ase_rq_chrps	0
gea	총무	gea_itm_us_spc	0
gea	총무	gea_ase_lend_rq	0
gea	총무	gea_prts_etdv_crr	0
gea	총무	gea_rstm_img	0
gea	총무	gea_prts_rq_av_qant	0
gea	총무	gea_cm_as	0
gea	총무	gea_scil_act_orgn	0
gea	총무	gea_prts_stock_qant	0
gea	총무	gea_orstk	0
gea	총무	gea_rtx_bk_mv	0
gea	총무	gea_scl_vlrt_adm	0
gea	총무	gea_form_ordg	0
gea	총무	gea_cr_ch	0
gea	총무	gea_ase_rq_supt	0
gea	총무	gea_rtx_out	0
gea	총무	gea_itm_info_crr	0
gea	총무	gea_ase_rq	0
gea	총무	gea_rstm	0
gea	총무	gea_prts_rq	0
gea	총무	gea_form_etdv	0
gea	총무	gea_cr_spc_ch	0
gea	총무	gea_ase_rq_bj_supt	0
gea	총무	gea_lw_pstpo	0
gea	총무	gea_scil_ctd_act	0
gea	총무	gea_inex_amt_dt	0
gea	총무	gea_ip_as	0
gea	총무	gea_prts_adr_adm	0
gea	총무	gea_ase_mv_wst_rqspc	0
gea	총무	gea_ase_rq_bj	0
gea	총무	gea_lotl	0
gea	총무	gea_hot_it_ch_crr	0
gea	총무	gea_ins_dp_spc	0
gea	총무	gea_cirm_mprc	0
gea	총무	gea_rq_inr	0
gea	총무	gea_supaf_xp_av	0
gea	총무	gea_ta_cr_crst	0
gea	총무	gea_itm_etdv	0
gea	총무	gea_ga_cla_snd	0
gea	총무	gea_ip	0
gea	총무	gea_supt_rq_spc	0
gea	총무	gea_fnd_ldg	0
gea	총무	gea_ga_cla_rqspc	0
gea	총무	gea_itm_tnd	0
gea	총무	gea_xc_lin_adcrg	0
gea	총무	gea_rstm_cop	0
gea	총무	gea_bsnno_seqc	0
gea	총무	gea_cmpu_ase_rq_bj	0
gea	총무	gea_prts_rq_adm	0
gea	총무	gea_rdt_dp_list	0
gea	총무	gea_prts_snd_rqspc	0
gea	총무	gea_hot	0
gea	총무	gea_ch_spc	0
gea	총무	gea_fx_vlrt_adm	0
gea	총무	gea_rdt_dp	0
gea	총무	gea_mvi_crst	0
gea	총무	gea_prv_auth	0
gea	총무	gea_prs_gd_adm	0
gea	총무	gea_orstk_wdra_rq	0
gea	총무	gea_ip_clss	0
gea	총무	gea_itm_cr_prc	0
gea	총무	gea_tnd_jon_entp	0
gea	총무	gea_hshgd_fixt_ry_info	0
gea	총무	gea_itm	0
gea	총무	gea_py_rntrt_act_info	0
gea	총무	gea_adsl_adcrg	0
gea	총무	gea_cmpu_ase_adm	0
gea	총무	gea_fnd_ch	0
gea	총무	gea_hot_nryam_info	0
gea	총무	gea_gn_pstpo	0
gea	총무	gea_cm_inr	0
gea	총무	gea_tl_adcrg	0
gea	총무	gea_ase_prprt_nv_crst	0
gea	총무	gea_rtx_bk_rqinf_crr	0
gea	총무	gea_pstpo_rcp	0
gea	총무	gea_cmpu_ase_rq_adm	0
gea	총무	gea_ase_prprt_nv_schd	0
gea	총무	gea_ta_cd	0
gea	총무	gea_prts_rq_st_crr	0
gea	총무	gea_org_itm	0
gea	총무	gea_cmpu_ase_ac	0
gea	총무	gea_hot_it_adm	0
gea	총무	gea_ga_cla_adm_adr	0
gea	총무	gea_act_stf	0
gea	총무	gea_cb	0
gea	총무	gea_prts_rq_itm	0
gea	총무	gea_pstpo_nds	0
gea	총무	gea_prts_rq_spc	0
gea	총무	gea_form_rq	0
gea	총무	gea_form_cd	0
gea	총무	gea_inex	0
gea	총무	gea_ase_iramt_crr	0
gea	총무	gea_prv_info	0
gea	총무	gea_act_pg	0
gea	총무	gea_gr_pst_org	0
gea	총무	gea_ase_dl_spc	0
gea	총무	gea_form_rqdt	0
gea	총무	gea_cmpu_ase_rptg	0
gea	총무	gea_hot_bzcs_xc_crr	0
gea	총무	gea_ase_lend	0
gea	총무	gea_fnd_mr	0
gea	총무	gea_dl_inr_amt_dt	0
gea	총무	gea_iramt_spc	0
gea	총무	gea_bcd_scan	0
gea	총무	gea_scil_act_mmacc	0
gea	총무	gea_prts_rcpl	0
gea	총무	gea_ase_prprt_nv_org	0
gea	총무	gea_cmpu_ase_rq_prg	0
gea	총무	gea_ase_mv	0
gea	총무	gea_ase_copgd	0
gea	총무	gea_bscd_rq	0
gea	총무	gea_scl_valn_adm	0
gea	총무	gea_hot_bzcs_evd_adm	0
gea	총무	gea_rtx	0
gea	총무	gea_rtxno_seqc	0
gea	총무	gea_hnd_spc	0
gea	총무	gea_cmpu_ase_mv	0
gea	총무	gea_dl_inr	0
gea	총무	gea_ase_rq_supt_prv	0
gea	총무	gea_ase_inr	0
gea	총무	gea_rq_spc_prg_info	0
gea	총무	gea_aseno_seqc	0
gea	총무	gea_rnt_rstm_bnd_vl	0
gea	총무	gea_prs_gd_cop	0
com	공통채번	com_seqc_prv_dcu	0
com	공통채번	com_seqc_rv_sb	0
com	공통채번	com_seqc_np_acc_ldg	0
com	공통채번	com_seqc_ctm	0
com	공통채번	com_seqc_plyno	0
com	공통채번	com_seqc_cr_rt	0
com	공통채번	com_seqc_lq_ldg	0
com	공통채번	com_seqc_allct_crr	0
com	공통채번	com_seqc_ctm_dsc_info_ch_rq	0
com	공통채번	com_seqc_rlnm_auth_dl_sno	0
com	공통채번	com_seqc_py_st	0
com	공통채번	com_seqc_ps_cst	0
com	공통채번	com_seqc_rir_lq_ba_da	0
com	공통채번	com_seqc_act_adt_da_adm	0
com	공통채번	com_seqc_rins_dcu	0
com	공통채번	com_seqc_stfno	0
com	공통채번	com_seqc_ctm_info_ch_log	0
com	공통채번	com_seqc_auth_dlg	0
com	공통채번	com_seqc_evd	0
com	공통채번	com_seqc_prnot_is	0
com	공통채번	com_seqc_re_dl	0
com	공통채번	com_seqc_mdcs_trt_tlm	0
com	공통채번	com_seqc_fml	0
com	공통채번	com_seqc_lq_asmt_xc	0
com	공통채번	com_seqc_lq_dot	0
com	공통채번	com_seqc_rins_dcu_prv	0
com	공통채번	com_seqc_svi_ase	0
com	공통채번	com_seqc_ars_tlm	0
com	공통채번	com_seqc_rv_dt_rq	0
com	공통채번	com_seqc_rins_tot_tf_dt	0
com	공통채번	com_seqc_bll_ldg	0
com	공통채번	com_seqc_dp_dl_er	0
com	공통채번	com_seqc_pyst_dv_dl_spc	0
com	공통채번	com_seqc_rinsc_lq_da_ap	0
com	공통채번	com_seqc_rins_file_trrv	0
com	공통채번	com_seqc_xc	0
com	공통채번	com_seqc_estno_rgt	0
com	공통채번	com_seqc_crd_nnt_adm	0
com	공통채번	com_seqc_acct	0
com	공통채번	com_seqc_nprp_lyr	0
com	공통채번	com_seqc_re_prg	0
com	공통채번	com_seqc_crdif_inq_agr_adm	0
com	공통채번	com_seqc_dvpns_co_obj_as	0
com	공통채번	com_seqc_fndli_req_bjps_adm	0
com	공통채번	com_seqc_cls	0
com	공통채번	com_seqc_fc_rm_rcpnt	0
com	공통채번	com_seqc_ctm_cntad	0
com	공통채번	com_seqc_tlm	0
com	공통채번	com_seqc_cmp_dl_unt	0
com	공통채번	com_seqc_krre_otcmg_trrv_mstr	0
com	공통채번	com_seqc_xol_event_clm	0
com	공통채번	com_seqc_mobl_photo_rgt	0
com	공통채번	com_seqc_re_dl_ba_mtt	0
com	공통채번	com_seqc_xol_event_clm_dm	0
com	공통채번	com_seqc_slp	0
com	공통채번	com_seqc_oj_bdl_cmp_lm	0
com	공통채번	com_seqc_utatp	0
com	공통채번	com_seqc_rppsc_ap_rq	0
com	공통채번	com_seqc_cr_srp_spc	0
com	공통채번	com_seqc_dpot	0
com	공통채번	com_seqc_onl_batch_exec_info	0
com	공통채번	com_seqc_hira_spcf_spc	0
com	공통채번	com_seqc_acc_ldg	0
com	공통채번	com_seqc_kko_epay_reqno	0
com	공통채번	com_seqc_auto_tf_rq	0
com	공통채번	com_seqc_dp_ldg	0
com	공통채번	com_seqc_py_file_gpno	0
com	공통채번	com_seqc_inr_memo	0
com	공통채번	com_seqc_rinsr_re	0
com	공통채번	com_seqc_crd_ldg	0
com	공통채번	com_seqc_rtaqr_adm	0
com	공통채번	com_seqc_idm_prg	0
com	공통채번	com_seqc_bz_fml_ctm_hhd	0
com	공통채번	com_seqc_marne_cr	0
com	공통채번	com_seqc_clm_re_ba_mtt	0
com	공통채번	com_seqc_fc_rm_bj_ldg	0
com	공통채번	com_seqc_nlisr_asso_tlm_inq	0
com	공통채번	com_seqc_cptrb_rcp	0
com	공통채번	com_seqc_rsno_sb_clct	0
com	공통채번	com_seqc_txaf	0
com	공통채번	com_seqc_aos_img_file_info	0
com	공통채번	com_seqc_cmrt_cc_ba	0
com	공통채번	com_seqc_ovse_rins_xc_requ	0
com	공통채번	com_seqc_rp_adm	0
com	공통채번	com_seqc_dvpns_tlm_inq_adm	0
com	공통채번	com_seqc_ltrm_udwr_tmplt	0
com	공통채번	com_seqc_bk_attf_rq_er	0
com	공통채번	com_seqc_lw_prg	0
com	공통채번	com_seqc_bdl_ctm_ta	0
com	공통채번	com_seqc_mlt_us_tlm_inq	0
com	공통채번	com_seqc_off_set_gp	0
com	공통채번	com_seqc_auto_tf_spc	0
com	공통채번	com_seqc_ctm_adr_crr	0
com	공통채번	com_seqc_py_cr	0
com	공통채번	com_seqc_pl_rt	0
com	공통채번	com_seqc_rins_xc_bj	0
com	공통채번	com_seqc_rinsc_lq_da	0
com	공통채번	com_seqc_edd_adm	0
com	공통채번	com_seqc_whpy_bj	0
com	공통채번	com_seqc_py	0
com	공통채번	com_seqc_fc_rm_rq	0
com	공통채번	com_seqc_ud	0
com	공통채번	com_seqc_xol_cr	0
com	공통채번	com_seqc_ln_slp	0
com	공통채번	com_seqc_ctm_agre_adm_crr	0
com	공통채번	com_seqc_plno	0
com	공통채번	com_seqc_oj_lctn	0
com	공통채번	com_seqc_pl_srp_spc	0
com	공통채번	com_seqc_rins_xc_requ	0
com	공통채번	com_seqc_self_auth_dl_sno	0
com	공통채번	com_seqc_gr_agmt_ctm	0
com	공통채번	com_seqc_xol_pp	0
com	공통채번	com_seqc_estno_rgt_seqno	0
com	공통채번	com_seqc_gr_ctm	0
com	공통채번	com_seqc_fire_cr	0
lse	IBNR	lse_ltrm_ibnr_mpp	0
lse	IBNR	lse_ltrm_ibnr_rtx_ba	0
lse	IBNR	lse_ltrm_ibnr_summ	0
lse	IBNR	lse_gn_ibnr_acm_dvcf	0
lse	IBNR	lse_ltrm_ibnr_tqnt_xi_crr	0
lse	IBNR	lse_ikd_armcl_wgt	0
lse	IBNR	lse_gn_ibnr_ba_dat_bz_avtb	0
lse	IBNR	lse_ltrm_ibnr_dvcf_avg	0
lse	IBNR	lse_gn_ibnr_cls_ba	0
lse	IBNR	lse_ltrm_ibnr_dvcf	0
lse	IBNR	lse_ltrm_ibnr_tqnt_xi	0
lse	IBNR	lse_ltrm_ibnr_larg_clm	0
lse	IBNR	lse_gn_ibnr_mpp	0
lse	IBNR	lse_gn_ibnr_acm_dvcf_avg	0
lse	IBNR	lse_gn_ibnr_ba_et	0
lse	IBNR	lse_gn_ibnr_lclmxcp	0
lse	IBNR	lse_ltrm_ibnr_rk_prm	0
lse	IBNR	lse_gn_ibnr_tqnt_xi	0
